<html>
<body>
<pre>
<h1>礦ision Build Log</h1>
<h2>Tool Versions:</h2>
IDE-Version: μVision V5.14.0.0
Copyright (C) 2015 ARM Ltd and ARM Germany GmbH. All rights reserved.
License Information: Egbert Lannister, Beijing Jiaotong University, LIC=HN0AE-5C20X-TGR7T-RZCGX-QV6Y9-DQ1GM
 
Tool Versions:
Toolchain:       MDK-ARM Standard  Version: 5.14.0.0
Toolchain Path:  D:\ARM\ARMCC\Bin
C Compiler:      Armcc.exe V5.05 update 1 (build 106)
Assembler:       Armasm.exe V5.05 update 1 (build 106)
Linker/Locator:  ArmLink.exe V5.05 update 1 (build 106)
Library Manager: ArmAr.exe V5.05 update 1 (build 106)
Hex Converter:   FromElf.exe V5.05 update 1 (build 106)
CPU DLL:         SARMCM3.DLL V5.14.0.0
Dialog DLL:      DARMSTM.DLL V1.65.0.0
Target DLL:      STLink\ST-LINKIII-KEIL_SWO.dll V2.0.14.0_KEIL
Dialog DLL:      TARMSTM.DLL V1.64.0.0
 
<h2>Project:</h2>
D:\Whac-A-Mole Game\USER\Template.uvprojx
Project File Date:  11/13/2023

<h2>Output:</h2>
Rebuild target 'Target 1'
compiling main.c...
main.c(907): warning:  #111-D: statement is unreachable
                OSTimeDlyHMSM(0,0,0,10,OS_OPT_TIME_PERIODIC,&err);//任务切换    
main.c(917): warning:  #1-D: last line of file ends without a newline
   
main.c: 2 warnings, 0 errors
compiling stm32f10x_it.c...
compiling system_stm32f10x.c...
compiling led.c...
compiling lcd.c...
compiling joypad.c...
compiling key.c...
compiling stmflash.c...
..\HARDWARE\STMFLASH\stmflash.c(35): warning:  #223-D: function "FLASH_ProgramHalfWord" declared implicitly
                FLASH_ProgramHalfWord(WriteAddr,pBuffer[i]);
..\HARDWARE\STMFLASH\stmflash.c(57): warning:  #223-D: function "FLASH_Unlock" declared implicitly
        FLASH_Unlock();                                         //解锁
..\HARDWARE\STMFLASH\stmflash.c(72): warning:  #223-D: function "FLASH_ErasePage" declared implicitly
                        FLASH_ErasePage(secpos*STM_SECTOR_SIZE+STM32_FLASH_BASE);//擦除这个扇区
..\HARDWARE\STMFLASH\stmflash.c(91): warning:  #223-D: function "FLASH_Lock" declared implicitly
        FLASH_Lock();//上锁
..\HARDWARE\STMFLASH\stmflash.c: 4 warnings, 0 errors
compiling malloc.c...
compiling stm32f10x_it.c...
compiling delay.c...
compiling sys.c...
compiling usart.c...
compiling core_cm3.c...
assembling startup_stm32f10x_hd.s...
compiling misc.c...
compiling stm32f10x_gpio.c...
compiling stm32f10x_usart.c...
compiling stm32f10x_rcc.c...
compiling stm32f10x_fsmc.c...
compiling stm32f10x_flash.c...
compiling bsp.c...
compiling cpu_core.c...
compiling cpu_c.c...
assembling cpu_a.asm...
compiling lib_ascii.c...
compiling lib_math.c...
compiling lib_mem.c...
compiling lib_str.c...
assembling lib_mem_a.asm...
compiling os_cfg_app.c...
compiling os_core.c...
compiling os_dbg.c...
compiling os_flag.c...
compiling os_int.c...
compiling os_mem.c...
compiling os_msg.c...
compiling os_mutex.c...
compiling os_pend_multi.c...
compiling os_prio.c...
compiling os_q.c...
compiling os_sem.c...
compiling os_stat.c...
compiling os_task.c...
compiling os_tick.c...
compiling os_time.c...
compiling os_tmr.c...
compiling os_var.c...
assembling os_cpu_a.s...
compiling os_cpu_c.c...
compiling os_app_hooks.c...
compiling 24c02.c...
compiling myiic.c...
compiling touch.c...
linking...
..\OBJ\MALLOC.axf: Warning: L6304W: Duplicate input file ..\obj\stm32f10x_it_1.o ignored.
Program Size: Code=54046 RO-data=7138 RW-data=344 ZI-data=1056872  
Finished: 0 information, 1 warning and 0 error messages.
FromELF: creating hex file...
"..\OBJ\MALLOC.axf" - 0 Error(s), 7 Warning(s).

<h2>Collection of Component include folders:</h2>
  D:\Whac-A-Mole Game\USER\RTE
  D:\ARM\PACK\Keil\STM32F1xx_DFP\1.0.5\Device\Include

<h2>Collection of Component Files used:</h2>
</pre>
</body>
</html>
