Component: ARM Compiler 5.05 update 1 (build 106) Tool: armlink [4d0efa]

==============================================================================

Section Cross References

    main.o(.text) refers to lcd.o(.text) for LCD_DrawRectangle
    main.o(.text) refers to joypad.o(.text) for JOYPAD_Read
    main.o(.text) refers to lcd.o(.data) for POINT_COLOR
    main.o(.text) refers to touch.o(.data) for tp_dev
    main.o(.text) refers to main.o(.data) for .data
    main.o(.text) refers to delay.o(.text) for delay_ms
    main.o(.text) refers to key.o(.text) for KEY_Scan
    main.o(.text) refers to stm32f10x_flash.o(.text) for FLASH_Unlock
    main.o(.text) refers to rand.o(.text) for srand
    main.o(.text) refers to rand.o(.emb_text) for rand
    main.o(.text) refers to os_time.o(.text) for OSTimeDlyHMSM
    main.o(.text) refers to cpu_core.o(.text) for CPU_Init
    main.o(.text) refers to os_stat.o(.text) for OSStatTaskCPUUsageInit
    main.o(.text) refers to os_core.o(.text) for OSSchedRoundRobinCfg
    main.o(.text) refers to os_tmr.o(.text) for OSTmrCreate
    main.o(.text) refers to cpu_a.o(.text) for CPU_SR_Save
    main.o(.text) refers to os_task.o(.text) for OSTaskCreate
    main.o(.text) refers to main.o(.bss) for .bss
    main.o(.text) refers to os_var.o(.data) for OSSchedLockNestingCtr
    main.o(.text) refers to os_var.o(.data) for OSIntQNbrEntries
    main.o(.text) refers to misc.o(.text) for NVIC_PriorityGroupConfig
    main.o(.text) refers to usart.o(.text) for uart_init
    main.o(.text) refers to led.o(.text) for LED_Init
    system_stm32f10x.o(.text) refers to system_stm32f10x.o(.data) for .data
    led.o(.text) refers to stm32f10x_rcc.o(.text) for RCC_APB2PeriphClockCmd
    led.o(.text) refers to stm32f10x_gpio.o(.text) for GPIO_Init
    lcd.o(.text) refers to _printf_percent.o(.ARM.Collect$$_printf_percent$$00000000) for _printf_percent
    lcd.o(.text) refers to _printf_x.o(.ARM.Collect$$_printf_percent$$0000000C) for _printf_x
    lcd.o(.text) refers to _printf_hex_int.o(.text) for _printf_longlong_hex
    lcd.o(.text) refers to delay.o(.text) for delay_us
    lcd.o(.text) refers to dflt_clz.o(x$fpl$dfltu) for __aeabi_ui2d
    lcd.o(.text) refers to dmul.o(x$fpl$dmul) for __aeabi_dmul
    lcd.o(.text) refers to dfixu.o(x$fpl$dfixu) for __aeabi_d2uiz
    lcd.o(.text) refers to lcd.o(.bss) for .bss
    lcd.o(.text) refers to lcd.o(.data) for .data
    lcd.o(.text) refers to stm32f10x_rcc.o(.text) for RCC_AHBPeriphClockCmd
    lcd.o(.text) refers to stm32f10x_gpio.o(.text) for GPIO_Init
    lcd.o(.text) refers to stm32f10x_fsmc.o(.text) for FSMC_NORSRAMInit
    lcd.o(.text) refers to noretval__2printf.o(.text) for __2printf
    lcd.o(.text) refers to lcd.o(.constdata) for .constdata
    joypad.o(.text) refers to stm32f10x_rcc.o(.text) for RCC_APB2PeriphClockCmd
    joypad.o(.text) refers to stm32f10x_gpio.o(.text) for GPIO_Init
    key.o(.text) refers to stm32f10x_rcc.o(.text) for RCC_APB2PeriphClockCmd
    key.o(.text) refers to stm32f10x_gpio.o(.text) for GPIO_Init
    key.o(.text) refers to delay.o(.text) for delay_ms
    key.o(.text) refers to key.o(.data) for .data
    stmflash.o(.text) refers to stm32f10x_flash.o(.text) for FLASH_ProgramHalfWord
    stmflash.o(.text) refers to stmflash.o(.bss) for .bss
    malloc.o(.text) refers to malloc.o(.constdata) for .constdata
    malloc.o(.text) refers to malloc.o(.data) for .data
    malloc.o(.data) refers to malloc.o(.text) for my_mem_init
    malloc.o(.data) refers to malloc.o(.bss) for mem1base
    malloc.o(.data) refers to malloc.o(.ARM.__AT_0x68000000) for mem2base
    malloc.o(.data) refers to malloc.o(.bss) for mem1mapbase
    malloc.o(.data) refers to malloc.o(.ARM.__AT_0x680F0000) for mem2mapbase
    delay.o(.text) refers to os_core.o(.text) for OSSchedLock
    delay.o(.text) refers to os_time.o(.text) for OSTimeDly
    delay.o(.text) refers to misc.o(.text) for SysTick_CLKSourceConfig
    delay.o(.text) refers to os_var.o(.data) for OSRunning
    delay.o(.text) refers to system_stm32f10x.o(.data) for SystemCoreClock
    delay.o(.text) refers to delay.o(.data) for .data
    delay.o(.text) refers to os_cfg_app.o(.constdata) for OSCfg_TickRate_Hz
    delay.o(.text) refers to os_var.o(.data) for OSIntNestingCtr
    usart.o(.text) refers (Special) to use_no_semi_2.o(.text) for __use_no_semihosting
    usart.o(.text) refers to stm32f10x_rcc.o(.text) for RCC_APB2PeriphClockCmd
    usart.o(.text) refers to stm32f10x_usart.o(.text) for USART_DeInit
    usart.o(.text) refers to stm32f10x_gpio.o(.text) for GPIO_Init
    usart.o(.text) refers to misc.o(.text) for NVIC_Init
    usart.o(.text) refers to os_core.o(.text) for OSIntEnter
    usart.o(.text) refers to usart.o(.data) for .data
    usart.o(.text) refers to usart.o(.bss) for .bss
    usart.o(.bss) refers (Special) to use_no_semi_2.o(.text) for __use_no_semihosting
    usart.o(.data) refers (Special) to use_no_semi_2.o(.text) for __use_no_semihosting
[...]
    USART_StructInit                         0x080048e3   Thumb Code    22  stm32f10x_usart.o(.text)
    USART_ClockInit                          0x080048f9   Thumb Code    30  stm32f10x_usart.o(.text)
    USART_ClockStructInit                    0x08004917   Thumb Code    12  stm32f10x_usart.o(.text)
    USART_Cmd                                0x08004923   Thumb Code    20  stm32f10x_usart.o(.text)
    USART_ITConfig                           0x08004937   Thumb Code    48  stm32f10x_usart.o(.text)
    USART_DMACmd                             0x08004967   Thumb Code    16  stm32f10x_usart.o(.text)
    USART_SetAddress                         0x08004977   Thumb Code    16  stm32f10x_usart.o(.text)
    USART_WakeUpConfig                       0x08004987   Thumb Code    16  stm32f10x_usart.o(.text)
    USART_ReceiverWakeUpCmd                  0x08004997   Thumb Code    20  stm32f10x_usart.o(.text)
    USART_LINBreakDetectLengthConfig         0x080049ab   Thumb Code    16  stm32f10x_usart.o(.text)
    USART_LINCmd                             0x080049bb   Thumb Code    20  stm32f10x_usart.o(.text)
    USART_SendData                           0x080049cf   Thumb Code     8  stm32f10x_usart.o(.text)
    USART_ReceiveData                        0x080049d7   Thumb Code     8  stm32f10x_usart.o(.text)
    USART_SendBreak                          0x080049df   Thumb Code    10  stm32f10x_usart.o(.text)
    USART_SetGuardTime                       0x080049e9   Thumb Code    16  stm32f10x_usart.o(.text)
    USART_SetPrescaler                       0x080049f9   Thumb Code    16  stm32f10x_usart.o(.text)
    USART_SmartCardCmd                       0x08004a09   Thumb Code    20  stm32f10x_usart.o(.text)
    USART_SmartCardNACKCmd                   0x08004a1d   Thumb Code    20  stm32f10x_usart.o(.text)
    USART_HalfDuplexCmd                      0x08004a31   Thumb Code    20  stm32f10x_usart.o(.text)
    USART_OverSampling8Cmd                   0x08004a45   Thumb Code    20  stm32f10x_usart.o(.text)
    USART_OneBitMethodCmd                    0x08004a59   Thumb Code    20  stm32f10x_usart.o(.text)
    USART_IrDAConfig                         0x08004a6d   Thumb Code    16  stm32f10x_usart.o(.text)
    USART_IrDACmd                            0x08004a7d   Thumb Code    20  stm32f10x_usart.o(.text)
    USART_GetFlagStatus                      0x08004a91   Thumb Code    14  stm32f10x_usart.o(.text)
    USART_ClearFlag                          0x08004a9f   Thumb Code     6  stm32f10x_usart.o(.text)
    USART_GetITStatus                        0x08004aa5   Thumb Code    62  stm32f10x_usart.o(.text)
    USART_ClearITPendingBit                  0x08004ae3   Thumb Code    12  stm32f10x_usart.o(.text)
    RCC_DeInit                               0x08004b05   Thumb Code    50  stm32f10x_rcc.o(.text)
    RCC_HSEConfig                            0x08004b37   Thumb Code    48  stm32f10x_rcc.o(.text)
    RCC_GetFlagStatus                        0x08004b67   Thumb Code    42  stm32f10x_rcc.o(.text)
    RCC_WaitForHSEStartUp                    0x08004b91   Thumb Code    44  stm32f10x_rcc.o(.text)
    RCC_AdjustHSICalibrationValue            0x08004bbd   Thumb Code    16  stm32f10x_rcc.o(.text)
    RCC_HSICmd                               0x08004bcd   Thumb Code     6  stm32f10x_rcc.o(.text)
    RCC_PLLConfig                            0x08004bd3   Thumb Code    16  stm32f10x_rcc.o(.text)
    RCC_PLLCmd                               0x08004be3   Thumb Code     6  stm32f10x_rcc.o(.text)
    RCC_SYSCLKConfig                         0x08004be9   Thumb Code    14  stm32f10x_rcc.o(.text)
    RCC_GetSYSCLKSource                      0x08004bf7   Thumb Code    10  stm32f10x_rcc.o(.text)
    RCC_HCLKConfig                           0x08004c01   Thumb Code    14  stm32f10x_rcc.o(.text)
    RCC_PCLK1Config                          0x08004c0f   Thumb Code    14  stm32f10x_rcc.o(.text)
    RCC_PCLK2Config                          0x08004c1d   Thumb Code    16  stm32f10x_rcc.o(.text)
    RCC_ITConfig                             0x08004c2d   Thumb Code    18  stm32f10x_rcc.o(.text)
    RCC_USBCLKConfig                         0x08004c3f   Thumb Code     8  stm32f10x_rcc.o(.text)
    RCC_ADCCLKConfig                         0x08004c47   Thumb Code    14  stm32f10x_rcc.o(.text)
    RCC_LSEConfig                            0x08004c55   Thumb Code    28  stm32f10x_rcc.o(.text)
    RCC_LSICmd                               0x08004c71   Thumb Code     6  stm32f10x_rcc.o(.text)
    RCC_RTCCLKConfig                         0x08004c77   Thumb Code    10  stm32f10x_rcc.o(.text)
    RCC_RTCCLKCmd                            0x08004c81   Thumb Code     8  stm32f10x_rcc.o(.text)
    RCC_GetClocksFreq                        0x08004c89   Thumb Code   132  stm32f10x_rcc.o(.text)
    RCC_AHBPeriphClockCmd                    0x08004d0d   Thumb Code    18  stm32f10x_rcc.o(.text)
    RCC_APB2PeriphClockCmd                   0x08004d1f   Thumb Code    18  stm32f10x_rcc.o(.text)
    RCC_APB1PeriphClockCmd                   0x08004d31   Thumb Code    18  stm32f10x_rcc.o(.text)
    RCC_APB2PeriphResetCmd                   0x08004d43   Thumb Code    18  stm32f10x_rcc.o(.text)
    RCC_APB1PeriphResetCmd                   0x08004d55   Thumb Code    18  stm32f10x_rcc.o(.text)
    RCC_BackupResetCmd                       0x08004d67   Thumb Code     8  stm32f10x_rcc.o(.text)
    RCC_ClockSecuritySystemCmd               0x08004d6f   Thumb Code     6  stm32f10x_rcc.o(.text)
    RCC_MCOConfig                            0x08004d75   Thumb Code     6  stm32f10x_rcc.o(.text)
    RCC_ClearFlag                            0x08004d7b   Thumb Code    12  stm32f10x_rcc.o(.text)
    RCC_GetITStatus                          0x08004d87   Thumb Code    16  stm32f10x_rcc.o(.text)
    RCC_ClearITPendingBit                    0x08004d97   Thumb Code     6  stm32f10x_rcc.o(.text)
    FSMC_NORSRAMDeInit                       0x08004dbd   Thumb Code    38  stm32f10x_fsmc.o(.text)
    FSMC_NANDDeInit                          0x08004de3   Thumb Code    40  stm32f10x_fsmc.o(.text)
    FSMC_PCCARDDeInit                        0x08004e0b   Thumb Code    26  stm32f10x_fsmc.o(.text)
    FSMC_NORSRAMInit                         0x08004e25   Thumb Code   200  stm32f10x_fsmc.o(.text)
    FSMC_NANDInit                            0x08004eed   Thumb Code   104  stm32f10x_fsmc.o(.text)
    FSMC_PCCARDInit                          0x08004f55   Thumb Code   102  stm32f10x_fsmc.o(.text)
    FSMC_NORSRAMStructInit                   0x08004fbb   Thumb Code    98  stm32f10x_fsmc.o(.text)
    FSMC_NANDStructInit                      0x0800501d   Thumb Code    54  stm32f10x_fsmc.o(.text)
    FSMC_PCCARDStructInit                    0x08005053   Thumb Code    60  stm32f10x_fsmc.o(.text)
    FSMC_NORSRAMCmd                          0x0800508f   Thumb Code    26  stm32f10x_fsmc.o(.text)
    FSMC_NANDCmd                             0x080050a9   Thumb Code    54  stm32f10x_fsmc.o(.text)
    FSMC_PCCARDCmd                           0x080050df   Thumb Code    28  stm32f10x_fsmc.o(.text)
    FSMC_NANDECCCmd                          0x080050fb   Thumb Code    54  stm32f10x_fsmc.o(.text)
    FSMC_GetECC                              0x08005131   Thumb Code    18  stm32f10x_fsmc.o(.text)
    FSMC_ITConfig                            0x08005143   Thumb Code    72  stm32f10x_fsmc.o(.text)
    FSMC_GetFlagStatus                       0x0800518b   Thumb Code    40  stm32f10x_fsmc.o(.text)
    FSMC_ClearFlag                           0x080051b3   Thumb Code    38  stm32f10x_fsmc.o(.text)
    FSMC_GetITStatus                         0x080051d9   Thumb Code    48  stm32f10x_fsmc.o(.text)
    FSMC_ClearITPendingBit                   0x08005209   Thumb Code    42  stm32f10x_fsmc.o(.text)
    FLASH_SetLatency                         0x08005239   Thumb Code    14  stm32f10x_flash.o(.text)
    FLASH_HalfCycleAccessCmd                 0x08005247   Thumb Code    18  stm32f10x_flash.o(.text)
    FLASH_PrefetchBufferCmd                  0x08005259   Thumb Code    18  stm32f10x_flash.o(.text)
    FLASH_Unlock                             0x0800526b   Thumb Code    12  stm32f10x_flash.o(.text)
    FLASH_UnlockBank1                        0x08005277   Thumb Code    12  stm32f10x_flash.o(.text)
    FLASH_Lock                               0x08005283   Thumb Code    12  stm32f10x_flash.o(.text)
    FLASH_LockBank1                          0x0800528f   Thumb Code    12  stm32f10x_flash.o(.text)
    FLASH_GetBank1Status                     0x0800529b   Thumb Code    34  stm32f10x_flash.o(.text)
    FLASH_WaitForLastOperation               0x080052bd   Thumb Code    34  stm32f10x_flash.o(.text)
    FLASH_ErasePage                          0x080052df   Thumb Code    56  stm32f10x_flash.o(.text)
    FLASH_EraseAllPages                      0x08005317   Thumb Code    52  stm32f10x_flash.o(.text)
    FLASH_WaitForLastBank1Operation          0x0800534b   Thumb Code    34  stm32f10x_flash.o(.text)
    FLASH_EraseAllBank1Pages                 0x0800536d   Thumb Code    52  stm32f10x_flash.o(.text)
    FLASH_GetReadOutProtectionStatus         0x080053a1   Thumb Code    14  stm32f10x_flash.o(.text)
    FLASH_EraseOptionBytes                   0x080053af   Thumb Code   108  stm32f10x_flash.o(.text)
    FLASH_ProgramWord                        0x0800541b   Thumb Code    72  stm32f10x_flash.o(.text)
    FLASH_ProgramHalfWord                    0x08005463   Thumb Code    48  stm32f10x_flash.o(.text)
    FLASH_ProgramOptionByteData              0x08005493   Thumb Code    62  stm32f10x_flash.o(.text)
    FLASH_EnableWriteProtection              0x080054d1   Thumb Code   158  stm32f10x_flash.o(.text)
    FLASH_ReadOutProtection                  0x0800556f   Thumb Code   118  stm32f10x_flash.o(.text)
    FLASH_UserOptionByteConfig               0x080055e5   Thumb Code    92  stm32f10x_flash.o(.text)
    FLASH_GetUserOptionByte                  0x08005641   Thumb Code     8  stm32f10x_flash.o(.text)
    FLASH_GetWriteProtectionOptionByte       0x08005649   Thumb Code     6  stm32f10x_flash.o(.text)
    FLASH_GetPrefetchBufferStatus            0x0800564f   Thumb Code    14  stm32f10x_flash.o(.text)
    FLASH_ITConfig                           0x0800565d   Thumb Code    18  stm32f10x_flash.o(.text)
    FLASH_GetFlagStatus                      0x0800566f   Thumb Code    28  stm32f10x_flash.o(.text)
    FLASH_ClearFlag                          0x0800568b   Thumb Code     6  stm32f10x_flash.o(.text)
    FLASH_GetStatus                          0x08005691   Thumb Code    34  stm32f10x_flash.o(.text)
    BSP_CPU_ClkFreq                          0x080056b9   Thumb Code    16  bsp.o(.text)
    CPU_TS_TmrInit                           0x080056c9   Thumb Code    38  bsp.o(.text)
    CPU_TS_TmrRd                             0x080056ef   Thumb Code     6  bsp.o(.text)
    CPU_TS32_to_uSec                         0x080056f5   Thumb Code    32  bsp.o(.text)
    CPU_NameClr                              0x08005721   Thumb Code    26  cpu_core.o(.text)
    CPU_Init                                 0x0800573b   Thumb Code    18  cpu_core.o(.text)
    CPU_SW_Exception                         0x0800574d   Thumb Code     2  cpu_core.o(.text)
    CPU_NameGet                              0x0800574f   Thumb Code    46  cpu_core.o(.text)
    CPU_NameSet                              0x0800577d   Thumb Code    62  cpu_core.o(.text)
    CPU_TS_Get32                             0x080057bb   Thumb Code     4  cpu_core.o(.text)
    CPU_TS_Update                            0x080057bf   Thumb Code     2  cpu_core.o(.text)
    CPU_TS_TmrFreqGet                        0x080057c1   Thumb Code    24  cpu_core.o(.text)
    CPU_TS_TmrFreqSet                        0x080057d9   Thumb Code     6  cpu_core.o(.text)
    CPU_CntLeadZeros08                       0x080057df   Thumb Code    10  cpu_core.o(.text)
    CPU_CntLeadZeros16                       0x080057e9   Thumb Code    10  cpu_core.o(.text)
    CPU_CntLeadZeros32                       0x080057f3   Thumb Code     4  cpu_core.o(.text)
    CPU_CntLeadZeros64                       0x080057f7   Thumb Code   152  cpu_core.o(.text)
    CPU_CntTrailZeros08                      0x0800588f   Thumb Code    10  cpu_core.o(.text)
    CPU_CntTrailZeros16                      0x08005899   Thumb Code    10  cpu_core.o(.text)
    CPU_CntTrailZeros32                      0x080058a3   Thumb Code    10  cpu_core.o(.text)
    CPU_CntTrailZeros64                      0x080058ad   Thumb Code    36  cpu_core.o(.text)
    CPU_IntDis                               0x080058dd   Thumb Code     0  cpu_a.o(.text)
    CPU_IntEn                                0x080058e1   Thumb Code     0  cpu_a.o(.text)
    CPU_SR_Save                              0x080058e5   Thumb Code     0  cpu_a.o(.text)
    CPU_SR_Restore                           0x080058ed   Thumb Code     0  cpu_a.o(.text)
    CPU_WaitForInt                           0x080058f3   Thumb Code     0  cpu_a.o(.text)
    CPU_WaitForExcept                        0x080058f7   Thumb Code     0  cpu_a.o(.text)
    CPU_CntLeadZeros                         0x080058fb   Thumb Code     0  cpu_a.o(.text)
    CPU_CntTrailZeros                        0x08005901   Thumb Code     0  cpu_a.o(.text)
    CPU_RevBits                              0x0800590b   Thumb Code     0  cpu_a.o(.text)
    ASCII_IsAlpha                            0x08005911   Thumb Code    22  lib_ascii.o(.text)
    ASCII_IsAlphaNum                         0x08005927   Thumb Code    28  lib_ascii.o(.text)
    ASCII_IsLower                            0x08005943   Thumb Code    14  lib_ascii.o(.text)
    ASCII_IsUpper                            0x08005951   Thumb Code    14  lib_ascii.o(.text)
    ASCII_IsDig                              0x0800595f   Thumb Code    14  lib_ascii.o(.text)
    ASCII_IsDigOct                           0x0800596d   Thumb Code    14  lib_ascii.o(.text)
    ASCII_IsDigHex                           0x0800597b   Thumb Code    28  lib_ascii.o(.text)
    ASCII_IsBlank                            0x08005997   Thumb Code    16  lib_ascii.o(.text)
    ASCII_IsSpace                            0x080059a7   Thumb Code    32  lib_ascii.o(.text)
    ASCII_IsPrint                            0x080059c7   Thumb Code    14  lib_ascii.o(.text)
    ASCII_IsGraph                            0x080059d5   Thumb Code    14  lib_ascii.o(.text)
    ASCII_IsPunct                            0x080059e3   Thumb Code    58  lib_ascii.o(.text)
    ASCII_IsCtrl                             0x08005a1d   Thumb Code    22  lib_ascii.o(.text)
    ASCII_ToLower                            0x08005a33   Thumb Code    14  lib_ascii.o(.text)
    ASCII_ToUpper                            0x08005a41   Thumb Code    14  lib_ascii.o(.text)
    ASCII_Cmp                                0x08005a4f   Thumb Code    28  lib_ascii.o(.text)
    Mem_Init                                 0x08005a6d   Thumb Code    54  lib_mem.o(.text)
    Mem_Set                                  0x08005aa3   Thumb Code    62  lib_mem.o(.text)
    Mem_Clr                                  0x08005ae1   Thumb Code     6  lib_mem.o(.text)
    Mem_Move                                 0x08005ae7   Thumb Code   116  lib_mem.o(.text)
    Mem_Cmp                                  0x08005b5b   Thumb Code   126  lib_mem.o(.text)
    Mem_HeapAlloc                            0x08005c31   Thumb Code   114  lib_mem.o(.text)
    Mem_SegGetSizeRem                        0x08005ca3   Thumb Code    60  lib_mem.o(.text)
    Mem_HeapGetSizeRem                       0x08005cdf   Thumb Code     8  lib_mem.o(.text)
    Mem_PoolClr                              0x08005ce7   Thumb Code    56  lib_mem.o(.text)
    Mem_PoolCreate                           0x08005d1f   Thumb Code   582  lib_mem.o(.text)
    Mem_PoolBlkGetNbrAvail                   0x08005f65   Thumb Code    26  lib_mem.o(.text)
    Mem_PoolBlkGet                           0x08005f7f   Thumb Code    68  lib_mem.o(.text)
    Mem_PoolBlkGetUsedAtIx                   0x08005fc3   Thumb Code    62  lib_mem.o(.text)
    Mem_PoolBlkFree                          0x08006001   Thumb Code   100  lib_mem.o(.text)
    Mem_PoolBlkIxGet                         0x08006065   Thumb Code   104  lib_mem.o(.text)
    Str_Len_N                                0x080060d5   Thumb Code    22  lib_str.o(.text)
    Str_Len                                  0x080060eb   Thumb Code     6  lib_str.o(.text)
    Str_Copy_N                               0x080060f1   Thumb Code    48  lib_str.o(.text)
    Str_Copy                                 0x08006121   Thumb Code     6  lib_str.o(.text)
    Str_Cat_N                                0x08006127   Thumb Code    58  lib_str.o(.text)
    Str_Cat                                  0x08006161   Thumb Code     6  lib_str.o(.text)
    Str_Cmp_N                                0x08006167   Thumb Code    86  lib_str.o(.text)
    Str_Cmp                                  0x080061bd   Thumb Code     6  lib_str.o(.text)
    Str_CmpIgnoreCase_N                      0x080061c3   Thumb Code   146  lib_str.o(.text)
    Str_CmpIgnoreCase                        0x08006255   Thumb Code     6  lib_str.o(.text)
    Str_Char_N                               0x0800625b   Thumb Code    46  lib_str.o(.text)
    Str_Char                                 0x08006289   Thumb Code     8  lib_str.o(.text)
    Str_Char_Last_N                          0x08006291   Thumb Code    44  lib_str.o(.text)
    Str_Char_Last                            0x080062bd   Thumb Code     8  lib_str.o(.text)
    Str_Char_Replace_N                       0x080062c5   Thumb Code    40  lib_str.o(.text)
    Str_Char_Replace                         0x080062ed   Thumb Code     6  lib_str.o(.text)
    Str_Str_N                                0x080062f3   Thumb Code   120  lib_str.o(.text)
    Str_Str                                  0x0800636b   Thumb Code     6  lib_str.o(.text)
    Str_FmtNbr_Int32U                        0x080064c9   Thumb Code    24  lib_str.o(.text)
    Str_FmtNbr_Int32S                        0x080064e1   Thumb Code    40  lib_str.o(.text)
    Str_ParseNbr_Int32U                      0x08006643   Thumb Code    12  lib_str.o(.text)
    Str_ParseNbr_Int32S                      0x0800664f   Thumb Code    42  lib_str.o(.text)
    Mem_Copy                                 0x0800667d   Thumb Code     0  lib_mem_a.o(.text)
    OSCfg_Init                               0x0800689d   Thumb Code     2  os_cfg_app.o(.text)
    OS_IdleTask                              0x080068a1   Thumb Code    30  os_core.o(.text)
    OS_IdleTaskInit                          0x080068bf   Thumb Code    62  os_core.o(.text)
    OS_RdyListInit                           0x080068fd   Thumb Code    30  os_core.o(.text)
    OSInit                                   0x0800691b   Thumb Code   290  os_core.o(.text)
    OSIntEnter                               0x08006a3d   Thumb Code    22  os_core.o(.text)
    OSIntExit                                0x08006a53   Thumb Code   100  os_core.o(.text)
    OSSched                                  0x08006ab7   Thumb Code    86  os_core.o(.text)
    OS_SchedLockTimeMeasStart                0x08006b0d   Thumb Code    20  os_core.o(.text)
    OSSchedLock                              0x08006b21   Thumb Code    72  os_core.o(.text)
    OS_SchedLockTimeMeasStop                 0x08006b69   Thumb Code    42  os_core.o(.text)
    OSSchedUnlock                            0x08006b93   Thumb Code    92  os_core.o(.text)
    OSSchedRoundRobinCfg                     0x08006bef   Thumb Code    60  os_core.o(.text)
    OS_RdyListMoveHeadToTail                 0x08006c2b   Thumb Code    52  os_core.o(.text)
    OSSchedRoundRobinYield                   0x08006c5f   Thumb Code   264  os_core.o(.text)
    OSStart                                  0x08006d67   Thumb Code    62  os_core.o(.text)
    OSVersion                                0x08006da5   Thumb Code    10  os_core.o(.text)
    OS_PendDbgNameAdd                        0x08006daf   Thumb Code    46  os_core.o(.text)
    OS_PendListInsertPrio                    0x08006ddd   Thumb Code    90  os_core.o(.text)
    OS_PendDataInit                          0x08006e37   Thumb Code    48  os_core.o(.text)
    OS_RdyListRemove                         0x08006e67   Thumb Code    78  os_core.o(.text)
    OS_TaskBlock                             0x08006eb5   Thumb Code    42  os_core.o(.text)
    OS_Pend                                  0x08006edf   Thumb Code    72  os_core.o(.text)
    OS_PendListRemove1                       0x08006f27   Thumb Code    54  os_core.o(.text)
    OS_PendListRemove                        0x08006f5d   Thumb Code    38  os_core.o(.text)
    OS_PendAbort1                            0x08006f83   Thumb Code    32  os_core.o(.text)
    OS_RdyListInsertHead                     0x08006fa3   Thumb Code    52  os_core.o(.text)
    OS_RdyListInsertTail                     0x08006fd7   Thumb Code    48  os_core.o(.text)
    OS_RdyListInsert                         0x08007007   Thumb Code    38  os_core.o(.text)
    OS_TaskRdy                               0x0800702d   Thumb Code    26  os_core.o(.text)
    OS_PendAbort                             0x08007047   Thumb Code   134  os_core.o(.text)
    OS_PendDbgNameRemove                     0x080070cd   Thumb Code    22  os_core.o(.text)
    OS_PendListChangePrio                    0x080070e3   Thumb Code   112  os_core.o(.text)
    OS_PendListInit                          0x08007153   Thumb Code    10  os_core.o(.text)
    OS_PendListInsertHead                    0x0800715d   Thumb Code    32  os_core.o(.text)
    OS_PendObjDel1                           0x0800717d   Thumb Code    32  os_core.o(.text)
    OS_PendObjDel                            0x0800719d   Thumb Code   126  os_core.o(.text)
    OS_Post1                                 0x0800721b   Thumb Code    38  os_core.o(.text)
    OS_Post                                  0x08007241   Thumb Code   152  os_core.o(.text)
    OS_Sched0                                0x080072d9   Thumb Code    50  os_core.o(.text)
    OS_SchedRoundRobin                       0x0800730b   Thumb Code    80  os_core.o(.text)
    OS_Dbg_Init                              0x0800737d   Thumb Code     2  os_dbg.o(.text)
    OS_FlagDbgListAdd                        0x08007381   Thumb Code    26  os_flag.o(.text)
    OSFlagCreate                             0x0800739b   Thumb Code   104  os_flag.o(.text)
    OS_FlagClr                               0x08007403   Thumb Code    16  os_flag.o(.text)
    OS_FlagDbgListRemove                     0x08007413   Thumb Code    36  os_flag.o(.text)
    OSFlagDel                                0x08007437   Thumb Code   344  os_flag.o(.text)
    OS_FlagBlock                             0x0800758f   Thumb Code    28  os_flag.o(.text)
    OSFlagPend                               0x080075ab   Thumb Code   584  os_flag.o(.text)
    OSFlagPendAbort                          0x080077f3   Thumb Code   196  os_flag.o(.text)
    OSFlagPendGetFlagsRdy                    0x080078b7   Thumb Code    44  os_flag.o(.text)
    OS_FlagTaskRdy                           0x080078e3   Thumb Code    68  os_flag.o(.text)
    OS_FlagPost                              0x08007927   Thumb Code   294  os_flag.o(.text)
    OSFlagPost                               0x08007a4d   Thumb Code   114  os_flag.o(.text)
    OS_FlagInit                              0x08007abf   Thumb Code    14  os_flag.o(.text)
    OS_IntQPost                              0x08007ae9   Thumb Code   138  os_int.o(.text)
    OS_IntQRePost                            0x08007b73   Thumb Code   224  os_int.o(.text)
    OS_IntQTask                              0x08007c53   Thumb Code   106  os_int.o(.text)
    OS_IntQTaskInit                          0x08007cbd   Thumb Code   194  os_int.o(.text)
    OS_MemDbgListAdd                         0x08007e11   Thumb Code    22  os_mem.o(.text)
    OSMemCreate                              0x08007e27   Thumb Code   186  os_mem.o(.text)
    OSMemGet                                 0x08007ee1   Thumb Code    60  os_mem.o(.text)
    OSMemPut                                 0x08007f1d   Thumb Code    70  os_mem.o(.text)
    OS_MemInit                               0x08007f63   Thumb Code    14  os_mem.o(.text)
    OS_MsgPoolCreate                         0x08007f85   Thumb Code    48  os_msg.o(.text)
    OS_MsgPoolInit                           0x08007fb5   Thumb Code    58  os_msg.o(.text)
    OS_MsgQFreeAll                           0x08007fef   Thumb Code    48  os_msg.o(.text)
    OS_MsgQInit                              0x0800801f   Thumb Code    14  os_msg.o(.text)
    OS_MsgQGet                               0x0800802d   Thumb Code    82  os_msg.o(.text)
    OS_MsgQPut                               0x0800807f   Thumb Code   128  os_msg.o(.text)
    OS_MutexDbgListAdd                       0x0800810d   Thumb Code    26  os_mutex.o(.text)
    OSMutexCreate                            0x08008127   Thumb Code   112  os_mutex.o(.text)
    OS_MutexClr                              0x08008197   Thumb Code    24  os_mutex.o(.text)
    OS_MutexDbgListRemove                    0x080081af   Thumb Code    36  os_mutex.o(.text)
    OSMutexDel                               0x080081d3   Thumb Code   470  os_mutex.o(.text)
    OSMutexPend                              0x080083a9   Thumb Code   490  os_mutex.o(.text)
    OSMutexPendAbort                         0x08008593   Thumb Code   196  os_mutex.o(.text)
    OSMutexPost                              0x08008657   Thumb Code   364  os_mutex.o(.text)
    OS_MutexInit                             0x080087c3   Thumb Code    14  os_mutex.o(.text)
    OS_PrioInit                              0x080087f1   Thumb Code    18  os_prio.o(.text)
    OS_PrioGetHighest                        0x08008803   Thumb Code    32  os_prio.o(.text)
    OS_PrioInsert                            0x08008823   Thumb Code    28  os_prio.o(.text)
    OS_PrioRemove                            0x0800883f   Thumb Code    28  os_prio.o(.text)
    OS_QDbgListAdd                           0x08008861   Thumb Code    26  os_q.o(.text)
    OSQCreate                                0x0800887b   Thumb Code   118  os_q.o(.text)
    OS_QClr                                  0x080088f1   Thumb Code    40  os_q.o(.text)
    OS_QDbgListRemove                        0x08008919   Thumb Code    36  os_q.o(.text)
    OSQDel                                   0x0800893d   Thumb Code   256  os_q.o(.text)
    OSQFlush                                 0x08008a3d   Thumb Code   116  os_q.o(.text)
    OSQPend                                  0x08008ab1   Thumb Code   344  os_q.o(.text)
    OSQPendAbort                             0x08008c09   Thumb Code   236  os_q.o(.text)
    OS_QPost                                 0x08008cf5   Thumb Code   194  os_q.o(.text)
    OSQPost                                  0x08008db7   Thumb Code   146  os_q.o(.text)
    OS_QInit                                 0x08008e49   Thumb Code    14  os_q.o(.text)
    OS_SemDbgListAdd                         0x08008e71   Thumb Code    26  os_sem.o(.text)
    OSSemCreate                              0x08008e8b   Thumb Code   104  os_sem.o(.text)
    OS_SemClr                                0x08008ef3   Thumb Code    22  os_sem.o(.text)
    OS_SemDbgListRemove                      0x08008f09   Thumb Code    36  os_sem.o(.text)
    OSSemDel                                 0x08008f2d   Thumb Code   256  os_sem.o(.text)
    OSSemPend                                0x0800902d   Thumb Code   298  os_sem.o(.text)
    OSSemPendAbort                           0x08009157   Thumb Code   196  os_sem.o(.text)
    OS_SemPost                               0x0800921b   Thumb Code   202  os_sem.o(.text)
    OSSemPost                                0x080092e5   Thumb Code   114  os_sem.o(.text)
    OSSemSet                                 0x08009357   Thumb Code    78  os_sem.o(.text)
    OS_SemInit                               0x080093a5   Thumb Code    14  os_sem.o(.text)
    OSStatReset                              0x080093c5   Thumb Code   150  os_stat.o(.text)
    OSStatTaskCPUUsageInit                   0x0800945b   Thumb Code   126  os_stat.o(.text)
    OS_StatTask                              0x080094d9   Thumb Code   482  os_stat.o(.text)
    OS_StatTaskInit                          0x080096bb   Thumb Code   120  os_stat.o(.text)
    OSTaskChangePrio                         0x080097c5   Thumb Code   240  os_task.o(.text)
    OS_TaskDbgListAdd                        0x080098b5   Thumb Code    30  os_task.o(.text)
    OS_TaskInitTCB                           0x080098d3   Thumb Code   180  os_task.o(.text)
    OSTaskCreate                             0x08009987   Thumb Code   400  os_task.o(.text)
    OS_TaskDbgListRemove                     0x08009b17   Thumb Code    50  os_task.o(.text)
    OSTaskDel                                0x08009b49   Thumb Code   310  os_task.o(.text)
    OSTaskQFlush                             0x08009c7f   Thumb Code   106  os_task.o(.text)
    OSTaskQPend                              0x08009ce9   Thumb Code   328  os_task.o(.text)
    OSTaskQPendAbort                         0x08009e31   Thumb Code   140  os_task.o(.text)
    OS_TaskQPost                             0x08009ebd   Thumb Code   222  os_task.o(.text)
    OSTaskQPost                              0x08009f9b   Thumb Code    96  os_task.o(.text)
    OSTaskRegGet                             0x08009ffb   Thumb Code    66  os_task.o(.text)
    OSTaskRegGetID                           0x0800a03d   Thumb Code    42  os_task.o(.text)
    OSTaskRegSet                             0x0800a067   Thumb Code    40  os_task.o(.text)
    OS_TaskResume                            0x0800a08f   Thumb Code   184  os_task.o(.text)
    OSTaskResume                             0x0800a147   Thumb Code    78  os_task.o(.text)
    OSTaskSemPend                            0x0800a195   Thumb Code   300  os_task.o(.text)
    OSTaskSemPendAbort                       0x0800a2c1   Thumb Code   148  os_task.o(.text)
    OS_TaskSemPost                           0x0800a355   Thumb Code   284  os_task.o(.text)
    OSTaskSemPost                            0x0800a471   Thumb Code    78  os_task.o(.text)
    OSTaskSemSet                             0x0800a4bf   Thumb Code    52  os_task.o(.text)
    OSTaskStkChk                             0x0800a4f3   Thumb Code   136  os_task.o(.text)
    OS_TaskSuspend                           0x0800a57b   Thumb Code   158  os_task.o(.text)
    OSTaskSuspend                            0x0800a619   Thumb Code    64  os_task.o(.text)
    OSTaskTimeQuantaSet                      0x0800a659   Thumb Code    68  os_task.o(.text)
    OS_TaskInit                              0x0800a69d   Thumb Code    18  os_task.o(.text)
    OS_TaskReturn                            0x0800a6af   Thumb Code    20  os_task.o(.text)
    OS_TickListRemove                        0x0800a6f1   Thumb Code    54  os_tick.o(.text)
    OS_TickListUpdate                        0x0800a727   Thumb Code   304  os_tick.o(.text)
    OS_TickTask                              0x0800a857   Thumb Code    36  os_tick.o(.text)
    OS_TickListInit                          0x0800a87b   Thumb Code    34  os_tick.o(.text)
    OS_TickTaskInit                          0x0800a89d   Thumb Code   114  os_tick.o(.text)
    OS_TickListInsert                        0x0800a90f   Thumb Code   202  os_tick.o(.text)
    OS_TickListResetPeak                     0x0800a9d9   Thumb Code    30  os_tick.o(.text)
    OSTimeDly                                0x0800aa41   Thumb Code   158  os_time.o(.text)
    OSTimeDlyHMSM                            0x0800aadf   Thumb Code   308  os_time.o(.text)
    OSTimeDlyResume                          0x0800ac13   Thumb Code   184  os_time.o(.text)
    OSTimeGet                                0x0800accb   Thumb Code    24  os_time.o(.text)
    OSTimeSet                                0x0800ace3   Thumb Code    24  os_time.o(.text)
    OSTimeTick                               0x0800acfb   Thumb Code    52  os_time.o(.text)
    OS_TmrDbgListAdd                         0x0800ad51   Thumb Code    22  os_tmr.o(.text)
    OSTmrCreate                              0x0800ad67   Thumb Code   168  os_tmr.o(.text)
    OS_TmrClr                                0x0800ae0f   Thumb Code    34  os_tmr.o(.text)
    OS_TmrUnlink                             0x0800ae31   Thumb Code    68  os_tmr.o(.text)
    OS_TmrDbgListRemove                      0x0800ae75   Thumb Code    36  os_tmr.o(.text)
    OSTmrDel                                 0x0800ae99   Thumb Code   134  os_tmr.o(.text)
    OSTmrRemainGet                           0x0800af1f   Thumb Code   140  os_tmr.o(.text)
    OS_TmrLink                               0x0800afab   Thumb Code   140  os_tmr.o(.text)
    OSTmrStart                               0x0800b037   Thumb Code   122  os_tmr.o(.text)
    OSTmrStateGet                            0x0800b0b1   Thumb Code    86  os_tmr.o(.text)
    OSTmrStop                                0x0800b107   Thumb Code   226  os_tmr.o(.text)
    OS_TmrTask                               0x0800b1e9   Thumb Code   164  os_tmr.o(.text)
    OS_TmrInit                               0x0800b28d   Thumb Code   174  os_tmr.o(.text)
    OS_TmrResetPeak                          0x0800b33b   Thumb Code    30  os_tmr.o(.text)
    OSIdleTaskHook                           0x0800b3ad   Thumb Code    12  os_cpu_c.o(.text)
    OSInitHook                               0x0800b3b9   Thumb Code    22  os_cpu_c.o(.text)
    OSStatTaskHook                           0x0800b3cf   Thumb Code    12  os_cpu_c.o(.text)
    OSTaskCreateHook                         0x0800b3db   Thumb Code    12  os_cpu_c.o(.text)
    OSTaskDelHook                            0x0800b3e7   Thumb Code    12  os_cpu_c.o(.text)
    OSTaskReturnHook                         0x0800b3f3   Thumb Code    12  os_cpu_c.o(.text)
    OSTaskStkInit                            0x0800b3ff   Thumb Code    96  os_cpu_c.o(.text)
    OSTaskSwHook                             0x0800b45f   Thumb Code    72  os_cpu_c.o(.text)
    OSTimeTickHook                           0x0800b4a7   Thumb Code    12  os_cpu_c.o(.text)
    OS_CPU_SysTickHandler                    0x0800b4b3   Thumb Code    30  os_cpu_c.o(.text)
    OS_CPU_SysTickInit                       0x0800b4d1   Thumb Code    36  os_cpu_c.o(.text)
    AT24CXX_Init                             0x0800b535   Thumb Code     4  24c02.o(.text)
    AT24CXX_ReadOneByte                      0x0800b539   Thumb Code    66  24c02.o(.text)
    AT24CXX_WriteOneByte                     0x0800b57b   Thumb Code    62  24c02.o(.text)
    AT24CXX_WriteLenByte                     0x0800b5b9   Thumb Code    42  24c02.o(.text)
    AT24CXX_ReadLenByte                      0x0800b5e3   Thumb Code    40  24c02.o(.text)
    AT24CXX_Check                            0x0800b60b   Thumb Code    38  24c02.o(.text)
    AT24CXX_Read                             0x0800b631   Thumb Code    34  24c02.o(.text)
    AT24CXX_Write                            0x0800b653   Thumb Code    32  24c02.o(.text)
    IIC_Init                                 0x0800b675   Thumb Code    48  myiic.o(.text)
    IIC_Start                                0x0800b6a5   Thumb Code    56  myiic.o(.text)
    IIC_Stop                                 0x0800b6dd   Thumb Code    58  myiic.o(.text)
    IIC_Wait_Ack                             0x0800b717   Thumb Code    78  myiic.o(.text)
    IIC_Ack                                  0x0800b765   Thumb Code    56  myiic.o(.text)
    IIC_NAck                                 0x0800b79d   Thumb Code    56  myiic.o(.text)
    IIC_Send_Byte                            0x0800b7d5   Thumb Code    86  myiic.o(.text)
    IIC_Read_Byte                            0x0800b82b   Thumb Code   100  myiic.o(.text)
    OLED_Wait_Ack                            0x0800b88f   Thumb Code    16  myiic.o(.text)
    TP_Write_Byte                            0x0800b8a9   Thumb Code    62  touch.o(.text)
    TP_Read_AD                               0x0800b8e7   Thumb Code   122  touch.o(.text)
    TP_Read_XOY                              0x0800b961   Thumb Code    96  touch.o(.text)
    TP_Read_XY                               0x0800b9c1   Thumb Code    34  touch.o(.text)
    TP_Read_XY2                              0x0800b9e3   Thumb Code   124  touch.o(.text)
    TP_Drow_Touch_Point                      0x0800ba5f   Thumb Code   106  touch.o(.text)
    TP_Draw_Big_Point                        0x0800bac9   Thumb Code    48  touch.o(.text)
    TP_Scan                                  0x0800baf9   Thumb Code   178  touch.o(.text)
    TP_Save_Adjdata                          0x0800bbab   Thumb Code    26  touch.o(.text)
    TP_Get_Adjdata                           0x0800bbc5   Thumb Code    58  touch.o(.text)
    TP_Adj_Info_Show                         0x0800bbff   Thumb Code   380  touch.o(.text)
    TP_Adjust                                0x0800bd7b   Thumb Code  1344  touch.o(.text)
    TP_Init                                  0x0800c2bb   Thumb Code   180  touch.o(.text)
    __use_no_semihosting                     0x0800c3b1   Thumb Code     2  use_no_semi_2.o(.text)
    __aeabi_uldivmod                         0x0800c3b3   Thumb Code     0  lludivv7m.o(.text)
    _ll_udiv                                 0x0800c3b3   Thumb Code   238  lludivv7m.o(.text)
    __2printf                                0x0800c4a1   Thumb Code    20  noretval__2printf.o(.text)
    __printf                                 0x0800c4b9   Thumb Code   104  __printf.o(.text)
    _printf_int_hex                          0x0800c521   Thumb Code    84  _printf_hex_int.o(.text)
    _printf_longlong_hex                     0x0800c521   Thumb Code     0  _printf_hex_int.o(.text)
    srand                                    0x0800c579   Thumb Code    42  rand.o(.text)
    _rand_init                               0x0800c5a3   Thumb Code     4  rand.o(.text)
    __use_two_region_memory                  0x0800c5b5   Thumb Code     2  heapauxi.o(.text)
    __rt_heap_escrow$2region                 0x0800c5b7   Thumb Code     2  heapauxi.o(.text)
    __rt_heap_expand$2region                 0x0800c5b9   Thumb Code     2  heapauxi.o(.text)
    __I$use$semihosting                      0x0800c5bb   Thumb Code     0  use_no_semi.o(.text)
    __use_no_semihosting_swi                 0x0800c5bb   Thumb Code     2  use_no_semi.o(.text)
    __read_errno                             0x0800c5bd   Thumb Code    10  _rserrno.o(.text)
    __set_errno                              0x0800c5c7   Thumb Code    12  _rserrno.o(.text)
    _printf_int_common                       0x0800c5d3   Thumb Code   178  _printf_intcommon.o(.text)
    _printf_char_file                        0x0800c685   Thumb Code    32  _printf_char_file.o(.text)
    __aeabi_errno_addr                       0x0800c6a9   Thumb Code     8  rt_errno_addr_intlibspace.o(.text)
    __errno$intlibspace                      0x0800c6a9   Thumb Code     0  rt_errno_addr_intlibspace.o(.text)
    __rt_errno_addr$intlibspace              0x0800c6a9   Thumb Code     0  rt_errno_addr_intlibspace.o(.text)
    _printf_char_common                      0x0800c6bb   Thumb Code    32  _printf_char_common.o(.text)
    ferror                                   0x0800c6e1   Thumb Code     8  ferror.o(.text)
    __user_libspace                          0x0800c6e9   Thumb Code     8  libspace.o(.text)
    __user_perproc_libspace                  0x0800c6e9   Thumb Code     0  libspace.o(.text)
    __user_perthread_libspace                0x0800c6e9   Thumb Code     0  libspace.o(.text)
    __user_setup_stackheap                   0x0800c6f1   Thumb Code    74  sys_stackheap_outer.o(.text)
    exit                                     0x0800c73b   Thumb Code    12  exit.o(.text)
    OSStartHighRdy                           0x0800c749   Thumb Code     0  os_cpu_a.o(CODE)
    OSCtxSw                                  0x0800c76b   Thumb Code     0  os_cpu_a.o(CODE)
    OSIntCtxSw                               0x0800c775   Thumb Code     0  os_cpu_a.o(CODE)
    PendSV_Handler                           0x0800c77f   Thumb Code     0  os_cpu_a.o(CODE)
    sqrt                                     0x0800c7e1   Thumb Code    76  sqrt.o(i.sqrt)
    __fpl_dcmp_Inf                           0x0800c82d   Thumb Code    24  dcmpi.o(x$fpl$dcmpinf)
    __aeabi_d2uiz                            0x0800c845   Thumb Code     0  dfixu.o(x$fpl$dfixu)
    _dfixu                                   0x0800c845   Thumb Code    90  dfixu.o(x$fpl$dfixu)
    __aeabi_ui2d                             0x0800c89f   Thumb Code     0  dflt_clz.o(x$fpl$dfltu)
    _dfltu                                   0x0800c89f   Thumb Code    38  dflt_clz.o(x$fpl$dfltu)
    __aeabi_cdcmple                          0x0800c8c5   Thumb Code     0  dleqf.o(x$fpl$dleqf)
    _dcmple                                  0x0800c8c5   Thumb Code   120  dleqf.o(x$fpl$dleqf)
    __fpl_dcmple_InfNaN                      0x0800c927   Thumb Code     0  dleqf.o(x$fpl$dleqf)
    __aeabi_dmul                             0x0800c93d   Thumb Code     0  dmul.o(x$fpl$dmul)
    _dmul                                    0x0800c93d   Thumb Code   332  dmul.o(x$fpl$dmul)
    __fpl_dnaninf                            0x0800ca91   Thumb Code   156  dnaninf.o(x$fpl$dnaninf)
    __fpl_dretinf                            0x0800cb2d   Thumb Code    12  dretinf.o(x$fpl$dretinf)
    __aeabi_cdrcmple                         0x0800cb39   Thumb Code     0  drleqf.o(x$fpl$drleqf)
    _drcmple                                 0x0800cb39   Thumb Code   108  drleqf.o(x$fpl$drleqf)
    _dsqrt                                   0x0800cba5   Thumb Code   456  dsqrt_noumaal.o(x$fpl$dsqrt)
    __aeabi_f2d                              0x0800cd71   Thumb Code     0  f2d.o(x$fpl$f2d)
    _f2d                                     0x0800cd71   Thumb Code    86  f2d.o(x$fpl$f2d)
    __aeabi_fadd                             0x0800cdc9   Thumb Code     0  faddsub_clz.o(x$fpl$fadd)
    _fadd                                    0x0800cdc9   Thumb Code   196  faddsub_clz.o(x$fpl$fadd)
    __fpl_fcheck_NaN1                        0x0800ce8d   Thumb Code     6  fcheck1.o(x$fpl$fcheck1)
    __aeabi_fdiv                             0x0800ce99   Thumb Code     0  fdiv.o(x$fpl$fdiv)
    _fdiv                                    0x0800ce99   Thumb Code   384  fdiv.o(x$fpl$fdiv)
    __aeabi_f2iz                             0x0800d01d   Thumb Code     0  ffix.o(x$fpl$ffix)
    _ffix                                    0x0800d01d   Thumb Code    54  ffix.o(x$fpl$ffix)
    __aeabi_f2uiz                            0x0800d055   Thumb Code     0  ffixu.o(x$fpl$ffixu)
    _ffixu                                   0x0800d055   Thumb Code    62  ffixu.o(x$fpl$ffixu)
    __aeabi_i2f                              0x0800d095   Thumb Code     0  fflt_clz.o(x$fpl$fflt)
    _fflt                                    0x0800d095   Thumb Code    48  fflt_clz.o(x$fpl$fflt)
    __aeabi_ui2f                             0x0800d0c5   Thumb Code     0  fflt_clz.o(x$fpl$ffltu)
    _ffltu                                   0x0800d0c5   Thumb Code    38  fflt_clz.o(x$fpl$ffltu)
    __aeabi_fmul                             0x0800d0ed   Thumb Code     0  fmul.o(x$fpl$fmul)
    _fmul                                    0x0800d0ed   Thumb Code   258  fmul.o(x$fpl$fmul)
    __fpl_fnaninf                            0x0800d1ef   Thumb Code   140  fnaninf.o(x$fpl$fnaninf)
    __fpl_fretinf                            0x0800d27b   Thumb Code    10  fretinf.o(x$fpl$fretinf)
    __aeabi_fsub                             0x0800d285   Thumb Code     0  faddsub_clz.o(x$fpl$fsub)
    _fsub                                    0x0800d285   Thumb Code   234  faddsub_clz.o(x$fpl$fsub)
    __fpl_return_NaN                         0x0800d36f   Thumb Code   100  retnan.o(x$fpl$retnan)
    __ARM_scalbnf                            0x0800d3d3   Thumb Code    76  scalbnf.o(x$fpl$scalbnf)
    __fpl_cmpreturn                          0x0800d41f   Thumb Code    48  trapv.o(x$fpl$trapveneer)
    __I$use$fp                               0x0800d44e   Number         0  usenofp.o(x$fpl$usenofp)
    asc2_1206                                0x0800d44e   Data        1140  lcd.o(.constdata)
    asc2_1608                                0x0800d8c2   Data        1520  lcd.o(.constdata)
    asc2_2412                                0x0800deb2   Data        3420  lcd.o(.constdata)
    OSCfg_StatTaskPrio                       0x0800eda4   Data           1  os_cfg_app.o(.constdata)
    OSCfg_TickTaskPrio                       0x0800eda5   Data           1  os_cfg_app.o(.constdata)
    OSCfg_TmrTaskPrio                        0x0800eda6   Data           1  os_cfg_app.o(.constdata)
    OSCfg_IntQSize                           0x0800eda8   Data           2  os_cfg_app.o(.constdata)
    OSCfg_MsgPoolSize                        0x0800edaa   Data           2  os_cfg_app.o(.constdata)
    OSCfg_TickWheelSize                      0x0800edac   Data           2  os_cfg_app.o(.constdata)
    OSCfg_TmrWheelSize                       0x0800edae   Data           2  os_cfg_app.o(.constdata)
    OSCfg_IdleTaskStkBasePtr                 0x0800edb0   Data           4  os_cfg_app.o(.constdata)
    OSCfg_IdleTaskStkLimit                   0x0800edb4   Data           4  os_cfg_app.o(.constdata)
    OSCfg_IdleTaskStkSize                    0x0800edb8   Data           4  os_cfg_app.o(.constdata)
    OSCfg_IdleTaskStkSizeRAM                 0x0800edbc   Data           4  os_cfg_app.o(.constdata)
    OSCfg_IntQBasePtr                        0x0800edc0   Data           4  os_cfg_app.o(.constdata)
    OSCfg_IntQSizeRAM                        0x0800edc4   Data           4  os_cfg_app.o(.constdata)
    OSCfg_IntQTaskStkBasePtr                 0x0800edc8   Data           4  os_cfg_app.o(.constdata)
    OSCfg_IntQTaskStkLimit                   0x0800edcc   Data           4  os_cfg_app.o(.constdata)
    OSCfg_IntQTaskStkSize                    0x0800edd0   Data           4  os_cfg_app.o(.constdata)
    OSCfg_IntQTaskStkSizeRAM                 0x0800edd4   Data           4  os_cfg_app.o(.constdata)
    OSCfg_ISRStkBasePtr                      0x0800edd8   Data           4  os_cfg_app.o(.constdata)
    OSCfg_ISRStkSize                         0x0800eddc   Data           4  os_cfg_app.o(.constdata)
    OSCfg_ISRStkSizeRAM                      0x0800ede0   Data           4  os_cfg_app.o(.constdata)
    OSCfg_MsgPoolSizeRAM                     0x0800ede4   Data           4  os_cfg_app.o(.constdata)
    OSCfg_MsgPoolBasePtr                     0x0800ede8   Data           4  os_cfg_app.o(.constdata)
    OSCfg_StatTaskRate_Hz                    0x0800edec   Data           4  os_cfg_app.o(.constdata)
    OSCfg_StatTaskStkBasePtr                 0x0800edf0   Data           4  os_cfg_app.o(.constdata)
    OSCfg_StatTaskStkLimit                   0x0800edf4   Data           4  os_cfg_app.o(.constdata)
    OSCfg_StatTaskStkSize                    0x0800edf8   Data           4  os_cfg_app.o(.constdata)
    OSCfg_StatTaskStkSizeRAM                 0x0800edfc   Data           4  os_cfg_app.o(.constdata)
    OSCfg_StkSizeMin                         0x0800ee00   Data           4  os_cfg_app.o(.constdata)
    OSCfg_TickRate_Hz                        0x0800ee04   Data           4  os_cfg_app.o(.constdata)
    OSCfg_TickTaskStkBasePtr                 0x0800ee08   Data           4  os_cfg_app.o(.constdata)
    OSCfg_TickTaskStkLimit                   0x0800ee0c   Data           4  os_cfg_app.o(.constdata)
    OSCfg_TickTaskStkSize                    0x0800ee10   Data           4  os_cfg_app.o(.constdata)
    OSCfg_TickTaskStkSizeRAM                 0x0800ee14   Data           4  os_cfg_app.o(.constdata)
    OSCfg_TickWheelSizeRAM                   0x0800ee18   Data           4  os_cfg_app.o(.constdata)
    OSCfg_TmrTaskRate_Hz                     0x0800ee1c   Data           4  os_cfg_app.o(.constdata)
    OSCfg_TmrTaskStkBasePtr                  0x0800ee20   Data           4  os_cfg_app.o(.constdata)
    OSCfg_TmrTaskStkLimit                    0x0800ee24   Data           4  os_cfg_app.o(.constdata)
    OSCfg_TmrTaskStkSize                     0x0800ee28   Data           4  os_cfg_app.o(.constdata)
    OSCfg_TmrTaskStkSizeRAM                  0x0800ee2c   Data           4  os_cfg_app.o(.constdata)
    OSCfg_TmrWheelSizeRAM                    0x0800ee30   Data           4  os_cfg_app.o(.constdata)
    OSCfg_DataSizeRAM                        0x0800ee34   Data           4  os_cfg_app.o(.constdata)
    TP_REMIND_MSG_TBL                        0x0800ee38   Data           4  touch.o(.constdata)
    Region$$Table$$Base                      0x0800eee0   Number         0  anon$$obj.o(Region$$Table)
    Region$$Table$$Limit                     0x0800ef00   Number         0  anon$$obj.o(Region$$Table)
    time                                     0x20000000   Data           1  main.o(.data)
    flag                                     0x20000001   Data           1  main.o(.data)
    mouse                                    0x20000002   Data           1  main.o(.data)
    mouse_num                                0x20000003   Data           1  main.o(.data)
    flag_score                               0x20000004   Data           1  main.o(.data)
    position                                 0x20000005   Data           1  main.o(.data)
    sy                                       0x20000006   Data           1  main.o(.data)
    data                                     0x20000007   Data           1  main.o(.data)
    key                                      0x20000008   Data           1  main.o(.data)
    key0                                     0x20000009   Data           1  main.o(.data)
    SystemCoreClock                          0x2000000c   Data           4  system_stm32f10x.o(.data)
    AHBPrescTable                            0x20000010   Data          16  system_stm32f10x.o(.data)
    POINT_COLOR                              0x20000020   Data           2  lcd.o(.data)
    BACK_COLOR                               0x20000022   Data           2  lcd.o(.data)
    USART_RX_STA                             0x2000002a   Data           2  usart.o(.data)
    __stdout                                 0x2000002c   Data           4  usart.o(.data)
    CPU_TS_TmrFreq_Hz                        0x20000044   Data           4  cpu_core.o(.data)
    Mem_PoolTbl                              0x20000048   Data           4  lib_mem.o(.data)
    OSPrioTbl                                0x2000004c   Data           8  os_prio.o(.data)
    OS_AppTaskCreateHookPtr                  0x20000054   Data           4  os_var.o(.data)
    OS_AppTaskDelHookPtr                     0x20000058   Data           4  os_var.o(.data)
    OS_AppTaskReturnHookPtr                  0x2000005c   Data           4  os_var.o(.data)
    OS_AppIdleTaskHookPtr                    0x20000060   Data           4  os_var.o(.data)
    OS_AppStatTaskHookPtr                    0x20000064   Data           4  os_var.o(.data)
    OS_AppTaskSwHookPtr                      0x20000068   Data           4  os_var.o(.data)
    OS_AppTimeTickHookPtr                    0x2000006c   Data           4  os_var.o(.data)
    OSIdleTaskCtr                            0x20000070   Data           4  os_var.o(.data)
    OSIntNestingCtr                          0x20000074   Data           1  os_var.o(.data)
    OSRunning                                0x20000075   Data           1  os_var.o(.data)
    OSIntQInPtr                              0x20000078   Data           4  os_var.o(.data)
    OSIntQOutPtr                             0x2000007c   Data           4  os_var.o(.data)
    OSIntQNbrEntries                         0x20000080   Data           2  os_var.o(.data)
    OSIntQNbrEntriesMax                      0x20000082   Data           2  os_var.o(.data)
    OSIntQOvfCtr                             0x20000084   Data           2  os_var.o(.data)
    OSIntQTaskTimeMax                        0x20000088   Data           4  os_var.o(.data)
    OSFlagDbgListPtr                         0x2000008c   Data           4  os_var.o(.data)
    OSFlagQty                                0x20000090   Data           2  os_var.o(.data)
    OSMemDbgListPtr                          0x20000094   Data           4  os_var.o(.data)
    OSMemQty                                 0x20000098   Data           2  os_var.o(.data)
    OSMutexDbgListPtr                        0x2000009c   Data           4  os_var.o(.data)
    OSMutexQty                               0x200000a0   Data           2  os_var.o(.data)
    OSPrioCur                                0x200000a2   Data           1  os_var.o(.data)
    OSPrioHighRdy                            0x200000a3   Data           1  os_var.o(.data)
    OSPrioSaved                              0x200000a4   Data           1  os_var.o(.data)
    OSQDbgListPtr                            0x200000a8   Data           4  os_var.o(.data)
    OSQQty                                   0x200000ac   Data           2  os_var.o(.data)
    OSSchedLockTimeBegin                     0x200000b0   Data           4  os_var.o(.data)
    OSSchedLockTimeMax                       0x200000b4   Data           4  os_var.o(.data)
    OSSchedLockTimeMaxCur                    0x200000b8   Data           4  os_var.o(.data)
    OSSchedLockNestingCtr                    0x200000bc   Data           1  os_var.o(.data)
    OSSchedRoundRobinDfltTimeQuanta          0x200000c0   Data           4  os_var.o(.data)
    OSSchedRoundRobinEn                      0x200000c4   Data           1  os_var.o(.data)
    OSSemDbgListPtr                          0x200000c8   Data           4  os_var.o(.data)
    OSSemQty                                 0x200000cc   Data           2  os_var.o(.data)
    OSStatResetFlag                          0x200000ce   Data           1  os_var.o(.data)
    OSStatTaskCPUUsage                       0x200000d0   Data           2  os_var.o(.data)
    OSStatTaskCPUUsageMax                    0x200000d2   Data           2  os_var.o(.data)
    OSStatTaskCtr                            0x200000d4   Data           4  os_var.o(.data)
    OSStatTaskCtrMax                         0x200000d8   Data           4  os_var.o(.data)
    OSStatTaskCtrRun                         0x200000dc   Data           4  os_var.o(.data)
    OSStatTaskRdy                            0x200000e0   Data           1  os_var.o(.data)
    OSStatTaskTimeMax                        0x200000e4   Data           4  os_var.o(.data)
    OSTaskCtxSwCtr                           0x200000e8   Data           4  os_var.o(.data)
    OSTaskDbgListPtr                         0x200000ec   Data           4  os_var.o(.data)
    OSTaskQty                                0x200000f0   Data           2  os_var.o(.data)
    OSTaskRegNextAvailID                     0x200000f2   Data           1  os_var.o(.data)
    OSTickCtr                                0x200000f4   Data           4  os_var.o(.data)
    OSTickTaskTimeMax                        0x200000f8   Data           4  os_var.o(.data)
    OSTmrDbgListPtr                          0x200000fc   Data           4  os_var.o(.data)
    OSTmrQty                                 0x20000100   Data           2  os_var.o(.data)
    OSTmrTaskTimeMax                         0x20000104   Data           4  os_var.o(.data)
    OSTmrTickCtr                             0x20000108   Data           4  os_var.o(.data)
    OSTmrUpdateCnt                           0x2000010c   Data           4  os_var.o(.data)
    OSTmrUpdateCtr                           0x20000110   Data           4  os_var.o(.data)
    OSTCBCurPtr                              0x20000114   Data           4  os_var.o(.data)
    OSTCBHighRdyPtr                          0x20000118   Data           4  os_var.o(.data)
    OS_CPU_ExceptStkBase                     0x2000011c   Data           4  os_cpu_c.o(.data)
    CMD_RDX                                  0x20000120   Data           1  touch.o(.data)
    CMD_RDY                                  0x20000121   Data           1  touch.o(.data)
    tp_dev                                   0x20000124   Data          52  touch.o(.data)
    StartTaskTCB                             0x20000158   Data         196  main.o(.bss)
    START_TASK_STK                           0x2000021c   Data         512  main.o(.bss)
    MOUSE_TaskTCB                            0x2000041c   Data         196  main.o(.bss)
    MOUSE_TASK_STK                           0x200004e0   Data         512  main.o(.bss)
    TOUCH_TaskTCB                            0x200006e0   Data         196  main.o(.bss)
    TOUCH_TASK_STK                           0x200007a4   Data         512  main.o(.bss)
    tmr1                                     0x200009a4   Data          52  main.o(.bss)
    lcddev                                   0x200009d8   Data          14  lcd.o(.bss)
    USART_RX_BUF                             0x200009e6   Data         200  usart.o(.bss)
    CPU_Name                                 0x20000aae   Data          16  cpu_core.o(.bss)
    Mem_PoolHeap                             0x20000ac0   Data          72  lib_mem.o(.bss)
    Mem_Heap                                 0x20000b08   Data        1024  lib_mem.o(.bss)
    OSCfg_IdleTaskStk                        0x20000f08   Data         512  os_cfg_app.o(.bss)
    OSCfg_IntQ                               0x20001108   Data         320  os_cfg_app.o(.bss)
    OSCfg_IntQTaskStk                        0x20001248   Data         512  os_cfg_app.o(.bss)
    OSCfg_ISRStk                             0x20001448   Data         512  os_cfg_app.o(.bss)
    OSCfg_MsgPool                            0x20001648   Data        1600  os_cfg_app.o(.bss)
    OSCfg_StatTaskStk                        0x20001c88   Data         512  os_cfg_app.o(.bss)
    OSCfg_TickTaskStk                        0x20001e88   Data         512  os_cfg_app.o(.bss)
    OSCfg_TickWheel                          0x20002088   Data         136  os_cfg_app.o(.bss)
    OSCfg_TmrTaskStk                         0x20002110   Data         512  os_cfg_app.o(.bss)
    OSCfg_TmrWheel                           0x20002310   Data         136  os_cfg_app.o(.bss)
    OSIdleTaskTCB                            0x20002398   Data         196  os_var.o(.bss)
    OSIntQTaskTCB                            0x2000245c   Data         196  os_var.o(.bss)
    OSMsgPool                                0x20002520   Data          12  os_var.o(.bss)
    OSRdyList                                0x2000252c   Data         768  os_var.o(.bss)
    OSStatTaskTCB                            0x2000282c   Data         196  os_var.o(.bss)
    OSTickTaskTCB                            0x200028f0   Data         196  os_var.o(.bss)
    OSTmrTaskTCB                             0x200029b4   Data         196  os_var.o(.bss)
    _random_number_data                      0x20002a78   Data         228  rand.o(.bss)
    __libspace_start                         0x20002b5c   Data          96  libspace.o(.bss)
    __temporary_stack_top$libspace           0x20002bbc   Data           0  libspace.o(.bss)
    mem2base                                 0x68000000   Data       983040  malloc.o(.ARM.__AT_0x68000000)
    mem2mapbase                              0x680f0000   Data       61440  malloc.o(.ARM.__AT_0x680F0000)



==============================================================================

Memory Map of the image

  Image Entry point : 0x08000131

  Load Region LR_IROM1 (Base: 0x08000000, Size: 0x0000f058, Max: 0x00080000, ABSOLUTE, COMPRESSED[0x0000ef34])

    Execution Region ER_IROM1 (Base: 0x08000000, Size: 0x0000ef00, Max: 0x00080000, ABSOLUTE)

    Base Addr    Size         Type   Attr      Idx    E Section Name        Object

    0x08000000   0x00000130   Data   RO          406    RESET               startup_stm32f10x_hd.o
    0x08000130   0x00000008   Code   RO         1074  * !!!main             c_w.l(__main.o)
    0x08000138   0x00000034   Code   RO         1333    !!!scatter          c_w.l(__scatter.o)
    0x0800016c   0x0000005a   Code   RO         1331    !!dczerorl2         c_w.l(__dczerorl2.o)
    0x080001c6   0x00000002   PAD
    0x080001c8   0x0000001c   Code   RO         1335    !!handler_zi        c_w.l(__scatter_zi.o)
    0x080001e4   0x00000000   Code   RO         1066    .ARM.Collect$$_printf_percent$$00000000  c_w.l(_printf_percent.o)
    0x080001e4   0x00000006   Code   RO         1065    .ARM.Collect$$_printf_percent$$0000000C  c_w.l(_printf_x.o)
    0x080001ea   0x00000004   Code   RO         1143    .ARM.Collect$$_printf_percent$$00000017  c_w.l(_printf_percent_end.o)
    0x080001ee   0x00000002   Code   RO         1260    .ARM.Collect$$libinit$$00000000  c_w.l(libinit.o)
    0x080001f0   0x00000000   Code   RO         1145    .ARM.Collect$$libinit$$00000002  c_w.l(libinit2.o)
    0x080001f0   0x00000000   Code   RO         1147    .ARM.Collect$$libinit$$00000004  c_w.l(libinit2.o)
    0x080001f0   0x00000000   Code   RO         1150    .ARM.Collect$$libinit$$0000000A  c_w.l(libinit2.o)
    0x080001f0   0x00000000   Code   RO         1152    .ARM.Collect$$libinit$$0000000C  c_w.l(libinit2.o)
    0x080001f0   0x00000004   Code   RO         1153    .ARM.Collect$$libinit$$0000000D  c_w.l(libinit2.o)
    0x080001f4   0x00000000   Code   RO         1154    .ARM.Collect$$libinit$$0000000E  c_w.l(libinit2.o)
    0x080001f4   0x00000000   Code   RO         1157    .ARM.Collect$$libinit$$00000011  c_w.l(libinit2.o)
    0x080001f4   0x00000000   Code   RO         1159    .ARM.Collect$$libinit$$00000013  c_w.l(libinit2.o)
    0x080001f4   0x00000000   Code   RO         1161    .ARM.Collect$$libinit$$00000015  c_w.l(libinit2.o)
    0x080001f4   0x00000000   Code   RO         1163    .ARM.Collect$$libinit$$00000017  c_w.l(libinit2.o)
    0x080001f4   0x00000000   Code   RO         1165    .ARM.Collect$$libinit$$00000019  c_w.l(libinit2.o)
    0x080001f4   0x00000000   Code   RO         1167    .ARM.Collect$$libinit$$0000001B  c_w.l(libinit2.o)
    0x080001f4   0x00000000   Code   RO         1169    .ARM.Collect$$libinit$$0000001D  c_w.l(libinit2.o)
    0x080001f4   0x00000000   Code   RO         1171    .ARM.Collect$$libinit$$0000001F  c_w.l(libinit2.o)
    0x080001f4   0x00000000   Code   RO         1173    .ARM.Collect$$libinit$$00000021  c_w.l(libinit2.o)
    0x080001f4   0x00000000   Code   RO         1175    .ARM.Collect$$libinit$$00000023  c_w.l(libinit2.o)
    0x080001f4   0x00000000   Code   RO         1177    .ARM.Collect$$libinit$$00000025  c_w.l(libinit2.o)
    0x080001f4   0x00000000   Code   RO         1181    .ARM.Collect$$libinit$$0000002C  c_w.l(libinit2.o)
    0x080001f4   0x00000000   Code   RO         1183    .ARM.Collect$$libinit$$0000002E  c_w.l(libinit2.o)
    0x080001f4   0x00000000   Code   RO         1185    .ARM.Collect$$libinit$$00000030  c_w.l(libinit2.o)
    0x080001f4   0x00000000   Code   RO         1187    .ARM.Collect$$libinit$$00000032  c_w.l(libinit2.o)
    0x080001f4   0x00000002   Code   RO         1188    .ARM.Collect$$libinit$$00000033  c_w.l(libinit2.o)
    0x080001f6   0x00000002   Code   RO         1299    .ARM.Collect$$libshutdown$$00000000  c_w.l(libshutdown.o)
    0x080001f8   0x00000000   Code   RO         1316    .ARM.Collect$$libshutdown$$00000003  c_w.l(libshutdown2.o)
    0x080001f8   0x00000000   Code   RO         1319    .ARM.Collect$$libshutdown$$00000006  c_w.l(libshutdown2.o)
    0x080001f8   0x00000000   Code   RO         1322    .ARM.Collect$$libshutdown$$00000009  c_w.l(libshutdown2.o)
    0x080001f8   0x00000000   Code   RO         1324    .ARM.Collect$$libshutdown$$0000000B  c_w.l(libshutdown2.o)
    0x080001f8   0x00000000   Code   RO         1327    .ARM.Collect$$libshutdown$$0000000E  c_w.l(libshutdown2.o)
    0x080001f8   0x00000002   Code   RO         1328    .ARM.Collect$$libshutdown$$0000000F  c_w.l(libshutdown2.o)
    0x080001fa   0x00000000   Code   RO         1132    .ARM.Collect$$rtentry$$00000000  c_w.l(__rtentry.o)
    0x080001fa   0x00000000   Code   RO         1205    .ARM.Collect$$rtentry$$00000002  c_w.l(__rtentry2.o)
    0x080001fa   0x00000006   Code   RO         1217    .ARM.Collect$$rtentry$$00000004  c_w.l(__rtentry4.o)
    0x08000200   0x00000000   Code   RO         1207    .ARM.Collect$$rtentry$$00000009  c_w.l(__rtentry2.o)
    0x08000200   0x00000004   Code   RO         1208    .ARM.Collect$$rtentry$$0000000A  c_w.l(__rtentry2.o)
    0x08000204   0x00000000   Code   RO         1210    .ARM.Collect$$rtentry$$0000000C  c_w.l(__rtentry2.o)
    0x08000204   0x00000008   Code   RO         1211    .ARM.Collect$$rtentry$$0000000D  c_w.l(__rtentry2.o)
    0x0800020c   0x00000002   Code   RO         1265    .ARM.Collect$$rtexit$$00000000  c_w.l(rtexit.o)
    0x0800020e   0x00000000   Code   RO         1281    .ARM.Collect$$rtexit$$00000002  c_w.l(rtexit2.o)
    0x0800020e   0x00000004   Code   RO         1282    .ARM.Collect$$rtexit$$00000003  c_w.l(rtexit2.o)
    0x08000212   0x00000006   Code   RO         1283    .ARM.Collect$$rtexit$$00000004  c_w.l(rtexit2.o)
    0x08000218   0x00000034   Code   RO         1067    .emb_text           c_w.l(rand.o)
    0x0800024c   0x0000120c   Code   RO            1    .text               main.o
    0x08001458   0x0000000e   Code   RO          175    .text               stm32f10x_it_1.o
    0x08001466   0x00000002   PAD
    0x08001468   0x00000158   Code   RO          207    .text               system_stm32f10x.o
    0x080015c0   0x00000050   Code   RO          225    .text               led.o
    0x08001610   0x00002a58   Code   RO          237    .text               lcd.o
    0x08004068   0x000000e8   Code   RO          268    .text               joypad.o
    0x08004150   0x00000100   Code   RO          281    .text               key.o
    0x08004250   0x00000118   Code   RO          338    .text               delay.o
    0x08004368   0x00000120   Code   RO          370    .text               usart.o
    0x08004488   0x00000040   Code   RO          407    .text               startup_stm32f10x_hd.o
    0x080044c8   0x000000b0   Code   RO          411    .text               misc.o
    0x08004578   0x00000264   Code   RO          423    .text               stm32f10x_gpio.o
    0x080047dc   0x00000328   Code   RO          435    .text               stm32f10x_usart.o
    0x08004b04   0x000002b8   Code   RO          447    .text               stm32f10x_rcc.o
    0x08004dbc   0x0000047c   Code   RO          461    .text               stm32f10x_fsmc.o
    0x08005238   0x00000480   Code   RO          473    .text               stm32f10x_flash.o
    0x080056b8   0x00000068   Code   RO          486    .text               bsp.o
    0x08005720   0x000001bc   Code   RO          502    .text               cpu_core.o
    0x080058dc   0x00000034   Code   RO          542    .text               cpu_a.o
    0x08005910   0x0000015a   Code   RO          545    .text               lib_ascii.o
    0x08005a6a   0x00000002   PAD
    0x08005a6c   0x00000668   Code   RO          580    .text               lib_mem.o
    0x080060d4   0x000005a8   Code   RO          599    .text               lib_str.o
    0x0800667c   0x00000220   Code   RO          617    .text               lib_mem_a.o
    0x0800689c   0x00000002   Code   RO          620    .text               os_cfg_app.o
    0x0800689e   0x00000002   PAD
    0x080068a0   0x00000adc   Code   RO          652    .text               os_core.o
    0x0800737c   0x00000002   Code   RO          665    .text               os_dbg.o
    0x0800737e   0x00000002   PAD
    0x08007380   0x00000768   Code   RO          681    .text               os_flag.o
    0x08007ae8   0x00000328   Code   RO          694    .text               os_int.o
    0x08007e10   0x00000174   Code   RO          706    .text               os_mem.o
    0x08007f84   0x00000188   Code   RO          718    .text               os_msg.o
    0x0800810c   0x000006e4   Code   RO          730    .text               os_mutex.o
    0x080087f0   0x00000070   Code   RO          749    .text               os_prio.o
    0x08008860   0x00000610   Code   RO          768    .text               os_q.o
    0x08008e70   0x00000554   Code   RO          781    .text               os_sem.o
    0x080093c4   0x00000400   Code   RO          794    .text               os_stat.o
    0x080097c4   0x00000f2c   Code   RO          806    .text               os_task.o
    0x0800a6f0   0x00000350   Code   RO          818    .text               os_tick.o
    0x0800aa40   0x00000310   Code   RO          831    .text               os_time.o
    0x0800ad50   0x0000065c   Code   RO          843    .text               os_tmr.o
    0x0800b3ac   0x00000188   Code   RO          934    .text               os_cpu_c.o
    0x0800b534   0x0000013e   Code   RO          967    .text               24c02.o
    0x0800b672   0x00000002   PAD
    0x0800b674   0x00000234   Code   RO          979    .text               myiic.o
    0x0800b8a8   0x00000b08   Code   RO          991    .text               touch.o
    0x0800c3b0   0x00000002   Code   RO         1014    .text               c_w.l(use_no_semi_2.o)
    0x0800c3b2   0x000000ee   Code   RO         1016    .text               c_w.l(lludivv7m.o)
    0x0800c4a0   0x00000018   Code   RO         1020    .text               c_w.l(noretval__2printf.o)
    0x0800c4b8   0x00000068   Code   RO         1022    .text               c_w.l(__printf.o)
    0x0800c520   0x00000058   Code   RO         1027    .text               c_w.l(_printf_hex_int.o)
    0x0800c578   0x0000003c   Code   RO         1068    .text               c_w.l(rand.o)
    0x0800c5b4   0x00000006   Code   RO         1072    .text               c_w.l(heapauxi.o)
    0x0800c5ba   0x00000002   Code   RO         1130    .text               c_w.l(use_no_semi.o)
    0x0800c5bc   0x00000016   Code   RO         1137    .text               c_w.l(_rserrno.o)
    0x0800c5d2   0x000000b2   Code   RO         1139    .text               c_w.l(_printf_intcommon.o)
    0x0800c684   0x00000024   Code   RO         1141    .text               c_w.l(_printf_char_file.o)
    0x0800c6a8   0x00000008   Code   RO         1224    .text               c_w.l(rt_errno_addr_intlibspace.o)
    0x0800c6b0   0x00000030   Code   RO         1226    .text               c_w.l(_printf_char_common.o)
    0x0800c6e0   0x00000008   Code   RO         1228    .text               c_w.l(ferror.o)
    0x0800c6e8   0x00000008   Code   RO         1238    .text               c_w.l(libspace.o)
    0x0800c6f0   0x0000004a   Code   RO         1241    .text               c_w.l(sys_stackheap_outer.o)
    0x0800c73a   0x0000000c   Code   RO         1245    .text               c_w.l(exit.o)
    0x0800c746   0x00000002   PAD
    0x0800c748   0x00000098   Code   RO          931    CODE                os_cpu_a.o
    0x0800c7e0   0x0000004c   Code   RO         1123    i.sqrt              m_ws.l(sqrt.o)
    0x0800c82c   0x00000018   Code   RO         1189    x$fpl$dcmpinf       fz_ws.l(dcmpi.o)
    0x0800c844   0x0000005a   Code   RO         1076    x$fpl$dfixu         fz_ws.l(dfixu.o)
    0x0800c89e   0x00000026   Code   RO         1080    x$fpl$dfltu         fz_ws.l(dflt_clz.o)
    0x0800c8c4   0x00000078   Code   RO         1086    x$fpl$dleqf         fz_ws.l(dleqf.o)
    0x0800c93c   0x00000154   Code   RO         1088    x$fpl$dmul          fz_ws.l(dmul.o)
    0x0800ca90   0x0000009c   Code   RO         1191    x$fpl$dnaninf       fz_ws.l(dnaninf.o)
    0x0800cb2c   0x0000000c   Code   RO         1193    x$fpl$dretinf       fz_ws.l(dretinf.o)
    0x0800cb38   0x0000006c   Code   RO         1090    x$fpl$drleqf        fz_ws.l(drleqf.o)
    0x0800cba4   0x000001cc   Code   RO         1195    x$fpl$dsqrt         fz_ws.l(dsqrt_noumaal.o)
    0x0800cd70   0x00000056   Code   RO         1092    x$fpl$f2d           fz_ws.l(f2d.o)
    0x0800cdc6   0x00000002   PAD
    0x0800cdc8   0x000000c4   Code   RO         1094    x$fpl$fadd          fz_ws.l(faddsub_clz.o)
    0x0800ce8c   0x0000000c   Code   RO         1197    x$fpl$fcheck1       fz_ws.l(fcheck1.o)
    0x0800ce98   0x00000184   Code   RO         1101    x$fpl$fdiv          fz_ws.l(fdiv.o)
    0x0800d01c   0x00000036   Code   RO         1104    x$fpl$ffix          fz_ws.l(ffix.o)
    0x0800d052   0x00000002   PAD
    0x0800d054   0x0000003e   Code   RO         1108    x$fpl$ffixu         fz_ws.l(ffixu.o)
    0x0800d092   0x00000002   PAD
    0x0800d094   0x00000030   Code   RO         1113    x$fpl$fflt          fz_ws.l(fflt_clz.o)
    0x0800d0c4   0x00000026   Code   RO         1112    x$fpl$ffltu         fz_ws.l(fflt_clz.o)
    0x0800d0ea   0x00000002   PAD
    0x0800d0ec   0x00000102   Code   RO         1118    x$fpl$fmul          fz_ws.l(fmul.o)
    0x0800d1ee   0x0000008c   Code   RO         1199    x$fpl$fnaninf       fz_ws.l(fnaninf.o)
    0x0800d27a   0x0000000a   Code   RO         1201    x$fpl$fretinf       fz_ws.l(fretinf.o)
    0x0800d284   0x000000ea   Code   RO         1096    x$fpl$fsub          fz_ws.l(faddsub_clz.o)
    0x0800d36e   0x00000064   Code   RO         1236    x$fpl$retnan        fz_ws.l(retnan.o)
    0x0800d3d2   0x0000004c   Code   RO         1120    x$fpl$scalbnf       fz_ws.l(scalbnf.o)
    0x0800d41e   0x00000030   Code   RO         1261    x$fpl$trapveneer    fz_ws.l(trapv.o)
    0x0800d44e   0x00000000   Code   RO         1203    x$fpl$usenofp       fz_ws.l(usenofp.o)
    0x0800d44e   0x000017c0   Data   RO          239    .constdata          lcd.o
    0x0800ec0e   0x00000100   Data   RO          504    .constdata          cpu_core.o
    0x0800ed0e   0x00000002   PAD
    0x0800ed10   0x00000094   Data   RO          600    .constdata          lib_str.o
    0x0800eda4   0x00000094   Data   RO          631    .constdata          os_cfg_app.o
    0x0800ee38   0x00000004   Data   RO          992    .constdata          touch.o
    0x0800ee3c   0x00000028   Data   RO         1028    .constdata          c_w.l(_printf_hex_int.o)
    0x0800ee64   0x00000079   Data   RO          993    .conststring        touch.o
    0x0800eedd   0x00000003   PAD
    0x0800eee0   0x00000020   Data   RO         1329    Region$$Table       anon$$obj.o


    Execution Region RW_IRAM1 (Base: 0x20000000, Size: 0x000031c0, Max: 0x00010000, ABSOLUTE, COMPRESSED[0x00000034])

    Base Addr    Size         Type   Attr      Idx    E Section Name        Object

    0x20000000   0x0000000a   Data   RW            3    .data               main.o
    0x2000000a   0x00000002   PAD
    0x2000000c   0x00000014   Data   RW          208    .data               system_stm32f10x.o
    0x20000020   0x00000004   Data   RW          240    .data               lcd.o
    0x20000024   0x00000001   Data   RW          282    .data               key.o
    0x20000025   0x00000001   PAD
    0x20000026   0x00000004   Data   RW          339    .data               delay.o
    0x2000002a   0x00000002   Data   RW          372    .data               usart.o
    0x2000002c   0x00000004   Data   RW          373    .data               usart.o
    0x20000030   0x00000014   Data   RW          448    .data               stm32f10x_rcc.o
    0x20000044   0x00000004   Data   RW          506    .data               cpu_core.o
    0x20000048   0x00000004   Data   RW          582    .data               lib_mem.o
    0x2000004c   0x00000008   Data   RW          750    .data               os_prio.o
    0x20000054   0x00000004   Data   RW          862    .data               os_var.o
    0x20000058   0x00000004   Data   RW          863    .data               os_var.o
    0x2000005c   0x00000004   Data   RW          864    .data               os_var.o
    0x20000060   0x00000004   Data   RW          865    .data               os_var.o
    0x20000064   0x00000004   Data   RW          866    .data               os_var.o
    0x20000068   0x00000004   Data   RW          867    .data               os_var.o
    0x2000006c   0x00000004   Data   RW          868    .data               os_var.o
    0x20000070   0x00000004   Data   RW          869    .data               os_var.o
    0x20000074   0x00000001   Data   RW          870    .data               os_var.o
    0x20000075   0x00000001   Data   RW          871    .data               os_var.o
    0x20000076   0x00000002   PAD
    0x20000078   0x00000004   Data   RW          872    .data               os_var.o
    0x2000007c   0x00000004   Data   RW          873    .data               os_var.o
    0x20000080   0x00000002   Data   RW          874    .data               os_var.o
    0x20000082   0x00000002   Data   RW          875    .data               os_var.o
    0x20000084   0x00000002   Data   RW          876    .data               os_var.o
    0x20000086   0x00000002   PAD
    0x20000088   0x00000004   Data   RW          877    .data               os_var.o
    0x2000008c   0x00000004   Data   RW          878    .data               os_var.o
    0x20000090   0x00000002   Data   RW          879    .data               os_var.o
    0x20000092   0x00000002   PAD
    0x20000094   0x00000004   Data   RW          880    .data               os_var.o
    0x20000098   0x00000002   Data   RW          881    .data               os_var.o
    0x2000009a   0x00000002   PAD
    0x2000009c   0x00000004   Data   RW          882    .data               os_var.o
    0x200000a0   0x00000002   Data   RW          883    .data               os_var.o
    0x200000a2   0x00000001   Data   RW          884    .data               os_var.o
    0x200000a3   0x00000001   Data   RW          885    .data               os_var.o
    0x200000a4   0x00000001   Data   RW          886    .data               os_var.o
    0x200000a5   0x00000003   PAD
    0x200000a8   0x00000004   Data   RW          887    .data               os_var.o
    0x200000ac   0x00000002   Data   RW          888    .data               os_var.o
    0x200000ae   0x00000002   PAD
    0x200000b0   0x00000004   Data   RW          889    .data               os_var.o
    0x200000b4   0x00000004   Data   RW          890    .data               os_var.o
    0x200000b8   0x00000004   Data   RW          891    .data               os_var.o
    0x200000bc   0x00000001   Data   RW          892    .data               os_var.o
    0x200000bd   0x00000003   PAD
    0x200000c0   0x00000004   Data   RW          893    .data               os_var.o
    0x200000c4   0x00000001   Data   RW          894    .data               os_var.o
    0x200000c5   0x00000003   PAD
    0x200000c8   0x00000004   Data   RW          895    .data               os_var.o
    0x200000cc   0x00000002   Data   RW          896    .data               os_var.o
    0x200000ce   0x00000001   Data   RW          897    .data               os_var.o
    0x200000cf   0x00000001   PAD
    0x200000d0   0x00000002   Data   RW          898    .data               os_var.o
    0x200000d2   0x00000002   Data   RW          899    .data               os_var.o
    0x200000d4   0x00000004   Data   RW          900    .data               os_var.o
    0x200000d8   0x00000004   Data   RW          901    .data               os_var.o
    0x200000dc   0x00000004   Data   RW          902    .data               os_var.o
    0x200000e0   0x00000001   Data   RW          903    .data               os_var.o
    0x200000e1   0x00000003   PAD
    0x200000e4   0x00000004   Data   RW          904    .data               os_var.o
    0x200000e8   0x00000004   Data   RW          905    .data               os_var.o
    0x200000ec   0x00000004   Data   RW          906    .data               os_var.o
    0x200000f0   0x00000002   Data   RW          907    .data               os_var.o
    0x200000f2   0x00000001   Data   RW          908    .data               os_var.o
    0x200000f3   0x00000001   PAD
    0x200000f4   0x00000004   Data   RW          909    .data               os_var.o
    0x200000f8   0x00000004   Data   RW          910    .data               os_var.o
    0x200000fc   0x00000004   Data   RW          911    .data               os_var.o
    0x20000100   0x00000002   Data   RW          912    .data               os_var.o
    0x20000102   0x00000002   PAD
    0x20000104   0x00000004   Data   RW          913    .data               os_var.o
    0x20000108   0x00000004   Data   RW          914    .data               os_var.o
    0x2000010c   0x00000004   Data   RW          915    .data               os_var.o
    0x20000110   0x00000004   Data   RW          916    .data               os_var.o
    0x20000114   0x00000004   Data   RW          917    .data               os_var.o
    0x20000118   0x00000004   Data   RW          918    .data               os_var.o
    0x2000011c   0x00000004   Data   RW          935    .data               os_cpu_c.o
    0x20000120   0x00000038   Data   RW          994    .data               touch.o
    0x20000158   0x00000880   Zero   RW            2    .bss                main.o
    0x200009d8   0x0000000e   Zero   RW          238    .bss                lcd.o
    0x200009e6   0x000000c8   Zero   RW          371    .bss                usart.o
    0x20000aae   0x00000010   Zero   RW          503    .bss                cpu_core.o
    0x20000abe   0x00000002   PAD
    0x20000ac0   0x00000448   Zero   RW          581    .bss                lib_mem.o
    0x20000f08   0x00000200   Zero   RW          621    .bss                os_cfg_app.o
    0x20001108   0x00000140   Zero   RW          622    .bss                os_cfg_app.o
    0x20001248   0x00000200   Zero   RW          623    .bss                os_cfg_app.o
    0x20001448   0x00000200   Zero   RW          624    .bss                os_cfg_app.o
    0x20001648   0x00000640   Zero   RW          625    .bss                os_cfg_app.o
    0x20001c88   0x00000200   Zero   RW          626    .bss                os_cfg_app.o
    0x20001e88   0x00000200   Zero   RW          627    .bss                os_cfg_app.o
    0x20002088   0x00000088   Zero   RW          628    .bss                os_cfg_app.o
    0x20002110   0x00000200   Zero   RW          629    .bss                os_cfg_app.o
    0x20002310   0x00000088   Zero   RW          630    .bss                os_cfg_app.o
    0x20002398   0x000000c4   Zero   RW          855    .bss                os_var.o
    0x2000245c   0x000000c4   Zero   RW          856    .bss                os_var.o
    0x20002520   0x0000000c   Zero   RW          857    .bss                os_var.o
    0x2000252c   0x00000300   Zero   RW          858    .bss                os_var.o
    0x2000282c   0x000000c4   Zero   RW          859    .bss                os_var.o
    0x200028f0   0x000000c4   Zero   RW          860    .bss                os_var.o
    0x200029b4   0x000000c4   Zero   RW          861    .bss                os_var.o
    0x20002a78   0x000000e4   Zero   RW         1069    .bss                c_w.l(rand.o)
    0x20002b5c   0x00000060   Zero   RW         1239    .bss                c_w.l(libspace.o)
    0x20002bbc   0x00000004   PAD
    0x20002bc0   0x00000200   Zero   RW          405    HEAP                startup_stm32f10x_hd.o
    0x20002dc0   0x00000400   Zero   RW          404    STACK               startup_stm32f10x_hd.o



  Load Region LR$$.ARM.__AT_0x68000000 (Base: 0x68000000, Size: 0x00000000, Max: 0x000f0000, ABSOLUTE)

    Execution Region ER$$.ARM.__AT_0x68000000 (Base: 0x68000000, Size: 0x000f0000, Max: 0x000f0000, ABSOLUTE, UNINIT)

    Base Addr    Size         Type   Attr      Idx    E Section Name        Object

    0x68000000   0x000f0000   Zero   RW          315    .ARM.__AT_0x68000000  malloc.o



  Load Region LR$$.ARM.__AT_0x680F0000 (Base: 0x680f0000, Size: 0x00000000, Max: 0x0000f000, ABSOLUTE)

    Execution Region ER$$.ARM.__AT_0x680F0000 (Base: 0x680f0000, Size: 0x0000f000, Max: 0x0000f000, ABSOLUTE, UNINIT)

    Base Addr    Size         Type   Attr      Idx    E Section Name        Object

    0x680f0000   0x0000f000   Zero   RW          316    .ARM.__AT_0x680F0000  malloc.o


==============================================================================

Image component sizes


      Code (inc. data)   RO Data    RW Data    ZI Data      Debug   Object Name

       318          0          0          0          0       2186   24c02.o
       104         12          0          0          0       1645   bsp.o
        52          0          0          0          0        308   cpu_a.o
       444         12        256          4         16      13505   cpu_core.o
       280         28          0          4          0       2215   delay.o
       232         16          0          0          0       1377   joypad.o
       256         14          0          1          0        852   key.o
     10840        112       6080          4         14      48992   lcd.o
        80         10          0          0          0        467   led.o
       346          0          0          0          0       3894   lib_ascii.o
      1640         26          0          4       1096      18388   lib_mem.o
       544          0          0          0          0        452   lib_mem_a.o
      1448          4        148          0          0       8708   lib_str.o
      4620        224          0         10       2176     291664   main.o
         0          0          0          0    1044480       1728   malloc.o
       176         14          0          0          0       1645   misc.o
       564         10          0          0          0       1978   myiic.o
         2          0        148          0       5264      20718   os_cfg_app.o
      2780        268          0          0          0      10351   os_core.o
       152         32          0          0          0        364   os_cpu_a.o
       392         64          0          4          0       3321   os_cpu_c.o
         2          0          0          0          0        430   os_dbg.o
      1896         80          0          0          0       5565   os_flag.o
       808        146          0          0          0       1988   os_int.o
       372         20          0          0          0       2028   os_mem.o
       392         14          0          0          0       2283   os_msg.o
      1764         92          0          0          0       4256   os_mutex.o
       112          6          0          8          0       1576   os_prio.o
      1552         66          0          0          0       4754   os_q.o
      1364         58          0          0          0       4598   os_sem.o
      1024        146          0          0          0       2305   os_stat.o
      3884        216          0          0          0      10574   os_task.o
       848         82          0          0          0       2915   os_tick.o
       784         42          0          0          0       2673   os_time.o
      1628        128          0          0          0       5214   os_tmr.o
         0          0          0        174       1760      19289   os_var.o
        64         26        304          0       1536        764   startup_stm32f10x_hd.o
      1152         22          0          0          0       7956   stm32f10x_flash.o
      1148          6          0          0          0       4995   stm32f10x_fsmc.o
       612         36          0          0          0       4917   stm32f10x_gpio.o
        14          0          0          0          0        939   stm32f10x_it_1.o
       696         32          0         20          0       8008   stm32f10x_rcc.o
       808         22          0          0          0       7248   stm32f10x_usart.o
         0          0          0          0          0         32   sys.o
       344         34          0         20          0       1635   system_stm32f10x.o
      2824        162        125         56          0       6171   touch.o
       288         18          0          6        200       3058   usart.o

    ----------------------------------------------------------------------
     49660       2300       7098        344    1056544     550929   Object Totals
         0          0         32          0          0          0   (incl. Generated)
        10          0          5         29          2          0   (incl. Padding)

    ----------------------------------------------------------------------

      Code (inc. data)   RO Data    RW Data    ZI Data      Debug   Library Member Name

        90          0          0          0          0          0   __dczerorl2.o
         8          0          0          0          0         68   __main.o
       104          0          0          0          0         84   __printf.o
         0          0          0          0          0          0   __rtentry.o
        12          0          0          0          0          0   __rtentry2.o
         6          0          0          0          0          0   __rtentry4.o
        52          8          0          0          0          0   __scatter.o
        28          0          0          0          0          0   __scatter_zi.o
        48          6          0          0          0         96   _printf_char_common.o
        36          4          0          0          0         80   _printf_char_file.o
        88          4         40          0          0         88   _printf_hex_int.o
       178          0          0          0          0         88   _printf_intcommon.o
         0          0          0          0          0          0   _printf_percent.o
         4          0          0          0          0          0   _printf_percent_end.o
         6          0          0          0          0          0   _printf_x.o
        22          0          0          0          0        100   _rserrno.o
        12          0          0          0          0         72   exit.o
         8          0          0          0          0         68   ferror.o
         6          0          0          0          0        152   heapauxi.o
         2          0          0          0          0          0   libinit.o
         6          0          0          0          0          0   libinit2.o
         2          0          0          0          0          0   libshutdown.o
         2          0          0          0          0          0   libshutdown2.o
         8          4          0          0         96         68   libspace.o
       238          0          0          0          0        100   lludivv7m.o
        24          4          0          0          0         84   noretval__2printf.o
       112         18          0          0        228        160   rand.o
         8          4          0          0          0         68   rt_errno_addr_intlibspace.o
         2          0          0          0          0          0   rtexit.o
        10          0          0          0          0          0   rtexit2.o
        74          0          0          0          0         80   sys_stackheap_outer.o
         2          0          0          0          0         68   use_no_semi.o
         2          0          0          0          0         68   use_no_semi_2.o
        24          0          0          0          0         68   dcmpi.o
        90          4          0          0          0         92   dfixu.o
        38          0          0          0          0         68   dflt_clz.o
       120          4          0          0          0         92   dleqf.o
       340         12          0          0          0        104   dmul.o
       156          4          0          0          0         92   dnaninf.o
        12          0          0          0          0         68   dretinf.o
       108          0          0          0          0         80   drleqf.o
       460         56          0          0          0        120   dsqrt_noumaal.o
        86          4          0          0          0         84   f2d.o
       430          8          0          0          0        168   faddsub_clz.o
        12          4          0          0          0         68   fcheck1.o
       388         76          0          0          0         96   fdiv.o
        54          4          0          0          0         84   ffix.o
        62          4          0          0          0         84   ffixu.o
        86          0          0          0          0        136   fflt_clz.o
       258          4          0          0          0         84   fmul.o
       140          4          0          0          0         84   fnaninf.o
        10          0          0          0          0         68   fretinf.o
       100          0          0          0          0         68   retnan.o
        76          0          0          0          0         68   scalbnf.o
        48          0          0          0          0         68   trapv.o
         0          0          0          0          0          0   usenofp.o
        76          0          0          0          0         84   sqrt.o

    ----------------------------------------------------------------------
      4386        240         40          0        328       3620   Library Totals
        12          0          0          0          4          0   (incl. Padding)

    ----------------------------------------------------------------------

      Code (inc. data)   RO Data    RW Data    ZI Data      Debug   Library Name

      1200         52         40          0        324       1592   c_w.l
      3098        188          0          0          0       1944   fz_ws.l
        76          0          0          0          0         84   m_ws.l

    ----------------------------------------------------------------------
      4386        240         40          0        328       3620   Library Totals

    ----------------------------------------------------------------------

==============================================================================


      Code (inc. data)   RO Data    RW Data    ZI Data      Debug   

     54046       2540       7138        344    1056872     547317   Grand Totals
     54046       2540       7138         52    1056872     547317   ELF Image Totals (compressed)
     54046       2540       7138         52          0          0   ROM Totals

==============================================================================

    Total RO  Size (Code + RO Data)                61184 (  59.75kB)
    Total RW  Size (RW Data + ZI Data)           1057216 (1032.44kB)
    Total ROM Size (Code + RO Data + RW Data)      61236 (  59.80kB)

==============================================================================

